// Jest Snapshot v1, https://goo.gl/fbAQLP

exports[`CSS/Colors GUIColors smoke-test 1`] = `
<div class="flex flex-wrap gap-24">
  <div class="rounded-lg w-128 ui-shadow-lg-soft flex flex-col">
    <div class="gui-blue-default-light h-[100px] rounded-t-lg">
    </div>
    <div class="p-12 flex flex-col flex-1">
      <p class="ui-text-p2 font-semibold flex-1">
        gui-blue-default-light
      </p>
      <p class="ui-text-p3 font-normal text-neutral-800">
      </p>
      <p class="ui-text-p3 text-[12px] font-normal text-neutral-800">
        rgb(0, 0, 0)
      </p>
    </div>
  </div>
  <div class="rounded-lg w-128 ui-shadow-lg-soft flex flex-col">
    <div class="gui-blue-hover-light h-[100px] rounded-t-lg">
    </div>
    <div class="p-12 flex flex-col flex-1">
      <p class="ui-text-p2 font-semibold flex-1">
        gui-blue-hover-light
      </p>
      <p class="ui-text-p3 font-normal text-neutral-800">
      </p>
      <p class="ui-text-p3 text-[12px] font-normal text-neutral-800">
        rgb(0, 0, 0)
      </p>
    </div>
  </div>
  <div class="rounded-lg w-128 ui-shadow-lg-soft flex flex-col">
    <div class="gui-blue-active-light h-[100px] rounded-t-lg">
    </div>
    <div class="p-12 flex flex-col flex-1">
      <p class="ui-text-p2 font-semibold flex-1">
        gui-blue-active-light
      </p>
      <p class="ui-text-p3 font-normal text-neutral-800">
      </p>
      <p class="ui-text-p3 text-[12px] font-normal text-neutral-800">
        rgb(0, 0, 0)
      </p>
    </div>
  </div>
  <div class="rounded-lg w-128 ui-shadow-lg-soft flex flex-col">
    <div class="gui-blue-default-dark h-[100px] rounded-t-lg">
    </div>
    <div class="p-12 flex flex-col flex-1">
      <p class="ui-text-p2 font-semibold flex-1">
        gui-blue-default-dark
      </p>
      <p class="ui-text-p3 font-normal text-neutral-800">
      </p>
      <p class="ui-text-p3 text-[12px] font-normal text-neutral-800">
        rgb(0, 0, 0)
      </p>
    </div>
  </div>
  <div class="rounded-lg w-128 ui-shadow-lg-soft flex flex-col">
    <div class="gui-blue-hover-dark h-[100px] rounded-t-lg">
    </div>
    <div class="p-12 flex flex-col flex-1">
      <p class="ui-text-p2 font-semibold flex-1">
        gui-blue-hover-dark
      </p>
      <p class="ui-text-p3 font-normal text-neutral-800">
      </p>
      <p class="ui-text-p3 text-[12px] font-normal text-neutral-800">
        rgb(0, 0, 0)
      </p>
    </div>
  </div>
  <div class="rounded-lg w-128 ui-shadow-lg-soft flex flex-col">
    <div class="gui-blue-active-dark h-[100px] rounded-t-lg">
    </div>
    <div class="p-12 flex flex-col flex-1">
      <p class="ui-text-p2 font-semibold flex-1">
        gui-blue-active-dark
      </p>
      <p class="ui-text-p3 font-normal text-neutral-800">
      </p>
      <p class="ui-text-p3 text-[12px] font-normal text-neutral-800">
        rgb(0, 0, 0)
      </p>
    </div>
  </div>
  <div class="rounded-lg w-128 ui-shadow-lg-soft flex flex-col">
    <div class="gui-blue-focus h-[100px] rounded-t-lg">
    </div>
    <div class="p-12 flex flex-col flex-1">
      <p class="ui-text-p2 font-semibold flex-1">
        gui-blue-focus
      </p>
      <p class="ui-text-p3 font-normal text-neutral-800">
      </p>
      <p class="ui-text-p3 text-[12px] font-normal text-neutral-800">
        rgb(0, 0, 0)
      </p>
    </div>
  </div>
  <div class="rounded-lg w-128 ui-shadow-lg-soft flex flex-col">
    <div class="gui-unavailable h-[100px] rounded-t-lg">
    </div>
    <div class="p-12 flex flex-col flex-1">
      <p class="ui-text-p2 font-semibold flex-1">
        gui-unavailable
      </p>
      <p class="ui-text-p3 font-normal text-neutral-800">
      </p>
      <p class="ui-text-p3 text-[12px] font-normal text-neutral-800">
        rgb(0, 0, 0)
      </p>
    </div>
  </div>
  <div class="rounded-lg w-128 ui-shadow-lg-soft flex flex-col">
    <div class="gui-success-green h-[100px] rounded-t-lg">
    </div>
    <div class="p-12 flex flex-col flex-1">
      <p class="ui-text-p2 font-semibold flex-1">
        gui-success-green
      </p>
      <p class="ui-text-p3 font-normal text-neutral-800">
      </p>
      <p class="ui-text-p3 text-[12px] font-normal text-neutral-800">
        rgb(0, 0, 0)
      </p>
    </div>
  </div>
  <div class="rounded-lg w-128 ui-shadow-lg-soft flex flex-col">
    <div class="gui-error-red h-[100px] rounded-t-lg">
    </div>
    <div class="p-12 flex flex-col flex-1">
      <p class="ui-text-p2 font-semibold flex-1">
        gui-error-red
      </p>
      <p class="ui-text-p3 font-normal text-neutral-800">
      </p>
      <p class="ui-text-p3 text-[12px] font-normal text-neutral-800">
        rgb(0, 0, 0)
      </p>
    </div>
  </div>
  <div class="rounded-lg w-128 ui-shadow-lg-soft flex flex-col">
    <div class="gui-focus h-[100px] rounded-t-lg">
    </div>
    <div class="p-12 flex flex-col flex-1">
      <p class="ui-text-p2 font-semibold flex-1">
        gui-focus
      </p>
      <p class="ui-text-p3 font-normal text-neutral-800">
      </p>
      <p class="ui-text-p3 text-[12px] font-normal text-neutral-800">
        rgb(0, 0, 0)
      </p>
    </div>
  </div>
  <div class="rounded-lg w-128 ui-shadow-lg-soft flex flex-col">
    <div class="gui-focus-outline h-[100px] rounded-t-lg">
    </div>
    <div class="p-12 flex flex-col flex-1">
      <p class="ui-text-p2 font-semibold flex-1">
        gui-focus-outline
      </p>
      <p class="ui-text-p3 font-normal text-neutral-800">
      </p>
      <p class="ui-text-p3 text-[12px] font-normal text-neutral-800">
        rgb(0, 0, 0)
      </p>
    </div>
  </div>
  <div class="rounded-lg w-128 ui-shadow-lg-soft flex flex-col">
    <div class="gui-visited h-[100px] rounded-t-lg">
    </div>
    <div class="p-12 flex flex-col flex-1">
      <p class="ui-text-p2 font-semibold flex-1">
        gui-visited
      </p>
      <p class="ui-text-p3 font-normal text-neutral-800">
      </p>
      <p class="ui-text-p3 text-[12px] font-normal text-neutral-800">
        rgb(0, 0, 0)
      </p>
    </div>
  </div>
</div>
`;

exports[`CSS/Colors NeutralColors smoke-test 1`] = `
<div class="flex flex-wrap gap-24">
  <div class="rounded-lg w-128 ui-shadow-lg-soft flex flex-col">
    <div class="neutral-000 h-[100px] rounded-t-lg">
    </div>
    <div class="p-12 flex flex-col flex-1">
      <p class="ui-text-p2 font-semibold flex-1">
        neutral-000
      </p>
      <p class="ui-text-p3 font-normal text-neutral-800">
      </p>
      <p class="ui-text-p3 text-[12px] font-normal text-neutral-800">
        rgb(0, 0, 0)
      </p>
    </div>
  </div>
  <div class="rounded-lg w-128 ui-shadow-lg-soft flex flex-col">
    <div class="neutral-100 h-[100px] rounded-t-lg">
    </div>
    <div class="p-12 flex flex-col flex-1">
      <p class="ui-text-p2 font-semibold flex-1">
        neutral-100
      </p>
      <p class="ui-text-p3 font-normal text-neutral-800">
      </p>
      <p class="ui-text-p3 text-[12px] font-normal text-neutral-800">
        rgb(0, 0, 0)
      </p>
    </div>
  </div>
  <div class="rounded-lg w-128 ui-shadow-lg-soft flex flex-col">
    <div class="neutral-200 h-[100px] rounded-t-lg">
    </div>
    <div class="p-12 flex flex-col flex-1">
      <p class="ui-text-p2 font-semibold flex-1">
        neutral-200
      </p>
      <p class="ui-text-p3 font-normal text-neutral-800">
      </p>
      <p class="ui-text-p3 text-[12px] font-normal text-neutral-800">
        rgb(0, 0, 0)
      </p>
    </div>
  </div>
  <div class="rounded-lg w-128 ui-shadow-lg-soft flex flex-col">
    <div class="neutral-300 h-[100px] rounded-t-lg">
    </div>
    <div class="p-12 flex flex-col flex-1">
      <p class="ui-text-p2 font-semibold flex-1">
        neutral-300
      </p>
      <p class="ui-text-p3 font-normal text-neutral-800">
      </p>
      <p class="ui-text-p3 text-[12px] font-normal text-neutral-800">
        rgb(0, 0, 0)
      </p>
    </div>
  </div>
  <div class="rounded-lg w-128 ui-shadow-lg-soft flex flex-col">
    <div class="neutral-400 h-[100px] rounded-t-lg">
    </div>
    <div class="p-12 flex flex-col flex-1">
      <p class="ui-text-p2 font-semibold flex-1">
        neutral-400
      </p>
      <p class="ui-text-p3 font-normal text-neutral-800">
      </p>
      <p class="ui-text-p3 text-[12px] font-normal text-neutral-800">
        rgb(0, 0, 0)
      </p>
    </div>
  </div>
  <div class="rounded-lg w-128 ui-shadow-lg-soft flex flex-col">
    <div class="neutral-500 h-[100px] rounded-t-lg">
    </div>
    <div class="p-12 flex flex-col flex-1">
      <p class="ui-text-p2 font-semibold flex-1">
        neutral-500
      </p>
      <p class="ui-text-p3 font-normal text-neutral-800">
      </p>
      <p class="ui-text-p3 text-[12px] font-normal text-neutral-800">
        rgb(0, 0, 0)
      </p>
    </div>
  </div>
  <div class="rounded-lg w-128 ui-shadow-lg-soft flex flex-col">
    <div class="neutral-600 h-[100px] rounded-t-lg">
    </div>
    <div class="p-12 flex flex-col flex-1">
      <p class="ui-text-p2 font-semibold flex-1">
        neutral-600
      </p>
      <p class="ui-text-p3 font-normal text-neutral-800">
      </p>
      <p class="ui-text-p3 text-[12px] font-normal text-neutral-800">
        rgb(0, 0, 0)
      </p>
    </div>
  </div>
  <div class="rounded-lg w-128 ui-shadow-lg-soft flex flex-col">
    <div class="neutral-700 h-[100px] rounded-t-lg">
    </div>
    <div class="p-12 flex flex-col flex-1">
      <p class="ui-text-p2 font-semibold flex-1">
        neutral-700
      </p>
      <p class="ui-text-p3 font-normal text-neutral-800">
      </p>
      <p class="ui-text-p3 text-[12px] font-normal text-neutral-800">
        rgb(0, 0, 0)
      </p>
    </div>
  </div>
  <div class="rounded-lg w-128 ui-shadow-lg-soft flex flex-col">
    <div class="neutral-800 h-[100px] rounded-t-lg">
    </div>
    <div class="p-12 flex flex-col flex-1">
      <p class="ui-text-p2 font-semibold flex-1">
        neutral-800
      </p>
      <p class="ui-text-p3 font-normal text-neutral-800">
      </p>
      <p class="ui-text-p3 text-[12px] font-normal text-neutral-800">
        rgb(0, 0, 0)
      </p>
    </div>
  </div>
  <div class="rounded-lg w-128 ui-shadow-lg-soft flex flex-col">
    <div class="neutral-900 h-[100px] rounded-t-lg">
    </div>
    <div class="p-12 flex flex-col flex-1">
      <p class="ui-text-p2 font-semibold flex-1">
        neutral-900
      </p>
      <p class="ui-text-p3 font-normal text-neutral-800">
      </p>
      <p class="ui-text-p3 text-[12px] font-normal text-neutral-800">
        rgb(0, 0, 0)
      </p>
    </div>
  </div>
  <div class="rounded-lg w-128 ui-shadow-lg-soft flex flex-col">
    <div class="neutral-1000 h-[100px] rounded-t-lg">
    </div>
    <div class="p-12 flex flex-col flex-1">
      <p class="ui-text-p2 font-semibold flex-1">
        neutral-1000
      </p>
      <p class="ui-text-p3 font-normal text-neutral-800">
      </p>
      <p class="ui-text-p3 text-[12px] font-normal text-neutral-800">
        rgb(0, 0, 0)
      </p>
    </div>
  </div>
  <div class="rounded-lg w-128 ui-shadow-lg-soft flex flex-col">
    <div class="neutral-1100 h-[100px] rounded-t-lg">
    </div>
    <div class="p-12 flex flex-col flex-1">
      <p class="ui-text-p2 font-semibold flex-1">
        neutral-1100
      </p>
      <p class="ui-text-p3 font-normal text-neutral-800">
      </p>
      <p class="ui-text-p3 text-[12px] font-normal text-neutral-800">
        rgb(0, 0, 0)
      </p>
    </div>
  </div>
  <div class="rounded-lg w-128 ui-shadow-lg-soft flex flex-col">
    <div class="neutral-1200 h-[100px] rounded-t-lg">
    </div>
    <div class="p-12 flex flex-col flex-1">
      <p class="ui-text-p2 font-semibold flex-1">
        neutral-1200
      </p>
      <p class="ui-text-p3 font-normal text-neutral-800">
      </p>
      <p class="ui-text-p3 text-[12px] font-normal text-neutral-800">
        rgb(0, 0, 0)
      </p>
    </div>
  </div>
  <div class="rounded-lg w-128 ui-shadow-lg-soft flex flex-col">
    <div class="neutral-1300 h-[100px] rounded-t-lg">
    </div>
    <div class="p-12 flex flex-col flex-1">
      <p class="ui-text-p2 font-semibold flex-1">
        neutral-1300
      </p>
      <p class="ui-text-p3 font-normal text-neutral-800">
      </p>
      <p class="ui-text-p3 text-[12px] font-normal text-neutral-800">
        rgb(0, 0, 0)
      </p>
    </div>
  </div>
</div>
`;

exports[`CSS/Colors OrangeColors smoke-test 1`] = `
<div class="flex flex-wrap gap-24">
  <div class="rounded-lg w-128 ui-shadow-lg-soft flex flex-col">
    <div class="orange-100 h-[100px] rounded-t-lg">
    </div>
    <div class="p-12 flex flex-col flex-1">
      <p class="ui-text-p2 font-semibold flex-1">
        orange-100
      </p>
      <p class="ui-text-p3 font-normal text-neutral-800">
      </p>
      <p class="ui-text-p3 text-[12px] font-normal text-neutral-800">
        rgb(0, 0, 0)
      </p>
    </div>
  </div>
  <div class="rounded-lg w-128 ui-shadow-lg-soft flex flex-col">
    <div class="orange-200 h-[100px] rounded-t-lg">
    </div>
    <div class="p-12 flex flex-col flex-1">
      <p class="ui-text-p2 font-semibold flex-1">
        orange-200
      </p>
      <p class="ui-text-p3 font-normal text-neutral-800">
      </p>
      <p class="ui-text-p3 text-[12px] font-normal text-neutral-800">
        rgb(0, 0, 0)
      </p>
    </div>
  </div>
  <div class="rounded-lg w-128 ui-shadow-lg-soft flex flex-col">
    <div class="orange-300 h-[100px] rounded-t-lg">
    </div>
    <div class="p-12 flex flex-col flex-1">
      <p class="ui-text-p2 font-semibold flex-1">
        orange-300
      </p>
      <p class="ui-text-p3 font-normal text-neutral-800">
      </p>
      <p class="ui-text-p3 text-[12px] font-normal text-neutral-800">
        rgb(0, 0, 0)
      </p>
    </div>
  </div>
  <div class="rounded-lg w-128 ui-shadow-lg-soft flex flex-col">
    <div class="orange-400 h-[100px] rounded-t-lg">
    </div>
    <div class="p-12 flex flex-col flex-1">
      <p class="ui-text-p2 font-semibold flex-1">
        orange-400
      </p>
      <p class="ui-text-p3 font-normal text-neutral-800">
      </p>
      <p class="ui-text-p3 text-[12px] font-normal text-neutral-800">
        rgb(0, 0, 0)
      </p>
    </div>
  </div>
  <div class="rounded-lg w-128 ui-shadow-lg-soft flex flex-col">
    <div class="orange-500 h-[100px] rounded-t-lg">
    </div>
    <div class="p-12 flex flex-col flex-1">
      <p class="ui-text-p2 font-semibold flex-1">
        orange-500
      </p>
      <p class="ui-text-p3 font-normal text-neutral-800">
      </p>
      <p class="ui-text-p3 text-[12px] font-normal text-neutral-800">
        rgb(0, 0, 0)
      </p>
    </div>
  </div>
  <div class="rounded-lg w-128 ui-shadow-lg-soft flex flex-col">
    <div class="orange-600 h-[100px] rounded-t-lg">
    </div>
    <div class="p-12 flex flex-col flex-1">
      <p class="ui-text-p2 font-semibold flex-1">
        orange-600
      </p>
      <p class="ui-text-p3 font-normal text-neutral-800">
      </p>
      <p class="ui-text-p3 text-[12px] font-normal text-neutral-800">
        rgb(0, 0, 0)
      </p>
    </div>
  </div>
  <div class="rounded-lg w-128 ui-shadow-lg-soft flex flex-col">
    <div class="orange-700 h-[100px] rounded-t-lg">
    </div>
    <div class="p-12 flex flex-col flex-1">
      <p class="ui-text-p2 font-semibold flex-1">
        orange-700
      </p>
      <p class="ui-text-p3 font-normal text-neutral-800">
      </p>
      <p class="ui-text-p3 text-[12px] font-normal text-neutral-800">
        rgb(0, 0, 0)
      </p>
    </div>
  </div>
  <div class="rounded-lg w-128 ui-shadow-lg-soft flex flex-col">
    <div class="orange-800 h-[100px] rounded-t-lg">
    </div>
    <div class="p-12 flex flex-col flex-1">
      <p class="ui-text-p2 font-semibold flex-1">
        orange-800
      </p>
      <p class="ui-text-p3 font-normal text-neutral-800">
      </p>
      <p class="ui-text-p3 text-[12px] font-normal text-neutral-800">
        rgb(0, 0, 0)
      </p>
    </div>
  </div>
  <div class="rounded-lg w-128 ui-shadow-lg-soft flex flex-col">
    <div class="orange-900 h-[100px] rounded-t-lg">
    </div>
    <div class="p-12 flex flex-col flex-1">
      <p class="ui-text-p2 font-semibold flex-1">
        orange-900
      </p>
      <p class="ui-text-p3 font-normal text-neutral-800">
      </p>
      <p class="ui-text-p3 text-[12px] font-normal text-neutral-800">
        rgb(0, 0, 0)
      </p>
    </div>
  </div>
  <div class="rounded-lg w-128 ui-shadow-lg-soft flex flex-col">
    <div class="orange-1000 h-[100px] rounded-t-lg">
    </div>
    <div class="p-12 flex flex-col flex-1">
      <p class="ui-text-p2 font-semibold flex-1">
        orange-1000
      </p>
      <p class="ui-text-p3 font-normal text-neutral-800">
      </p>
      <p class="ui-text-p3 text-[12px] font-normal text-neutral-800">
        rgb(0, 0, 0)
      </p>
    </div>
  </div>
  <div class="rounded-lg w-128 ui-shadow-lg-soft flex flex-col">
    <div class="orange-1100 h-[100px] rounded-t-lg">
    </div>
    <div class="p-12 flex flex-col flex-1">
      <p class="ui-text-p2 font-semibold flex-1">
        orange-1100
      </p>
      <p class="ui-text-p3 font-normal text-neutral-800">
      </p>
      <p class="ui-text-p3 text-[12px] font-normal text-neutral-800">
        rgb(0, 0, 0)
      </p>
    </div>
  </div>
</div>
`;

exports[`CSS/Colors SecondaryColors smoke-test 1`] = `
<div class="flex flex-wrap gap-24">
  <div class="rounded-lg w-128 ui-shadow-lg-soft flex flex-col">
    <div class="yellow-100 h-[100px] rounded-t-lg">
    </div>
    <div class="p-12 flex flex-col flex-1">
      <p class="ui-text-p2 font-semibold flex-1">
        yellow-100
      </p>
      <p class="ui-text-p3 font-normal text-neutral-800">
      </p>
      <p class="ui-text-p3 text-[12px] font-normal text-neutral-800">
        rgb(0, 0, 0)
      </p>
    </div>
  </div>
  <div class="rounded-lg w-128 ui-shadow-lg-soft flex flex-col">
    <div class="yellow-200 h-[100px] rounded-t-lg">
    </div>
    <div class="p-12 flex flex-col flex-1">
      <p class="ui-text-p2 font-semibold flex-1">
        yellow-200
      </p>
      <p class="ui-text-p3 font-normal text-neutral-800">
      </p>
      <p class="ui-text-p3 text-[12px] font-normal text-neutral-800">
        rgb(0, 0, 0)
      </p>
    </div>
  </div>
  <div class="rounded-lg w-128 ui-shadow-lg-soft flex flex-col">
    <div class="yellow-300 h-[100px] rounded-t-lg">
    </div>
    <div class="p-12 flex flex-col flex-1">
      <p class="ui-text-p2 font-semibold flex-1">
        yellow-300
      </p>
      <p class="ui-text-p3 font-normal text-neutral-800">
      </p>
      <p class="ui-text-p3 text-[12px] font-normal text-neutral-800">
        rgb(0, 0, 0)
      </p>
    </div>
  </div>
  <div class="rounded-lg w-128 ui-shadow-lg-soft flex flex-col">
    <div class="yellow-400 h-[100px] rounded-t-lg">
    </div>
    <div class="p-12 flex flex-col flex-1">
      <p class="ui-text-p2 font-semibold flex-1">
        yellow-400
      </p>
      <p class="ui-text-p3 font-normal text-neutral-800">
      </p>
      <p class="ui-text-p3 text-[12px] font-normal text-neutral-800">
        rgb(0, 0, 0)
      </p>
    </div>
  </div>
  <div class="rounded-lg w-128 ui-shadow-lg-soft flex flex-col">
    <div class="yellow-500 h-[100px] rounded-t-lg">
    </div>
    <div class="p-12 flex flex-col flex-1">
      <p class="ui-text-p2 font-semibold flex-1">
        yellow-500
      </p>
      <p class="ui-text-p3 font-normal text-neutral-800">
      </p>
      <p class="ui-text-p3 text-[12px] font-normal text-neutral-800">
        rgb(0, 0, 0)
      </p>
    </div>
  </div>
  <div class="rounded-lg w-128 ui-shadow-lg-soft flex flex-col">
    <div class="yellow-600 h-[100px] rounded-t-lg">
    </div>
    <div class="p-12 flex flex-col flex-1">
      <p class="ui-text-p2 font-semibold flex-1">
        yellow-600
      </p>
      <p class="ui-text-p3 font-normal text-neutral-800">
      </p>
      <p class="ui-text-p3 text-[12px] font-normal text-neutral-800">
        rgb(0, 0, 0)
      </p>
    </div>
  </div>
  <div class="rounded-lg w-128 ui-shadow-lg-soft flex flex-col">
    <div class="yellow-700 h-[100px] rounded-t-lg">
    </div>
    <div class="p-12 flex flex-col flex-1">
      <p class="ui-text-p2 font-semibold flex-1">
        yellow-700
      </p>
      <p class="ui-text-p3 font-normal text-neutral-800">
      </p>
      <p class="ui-text-p3 text-[12px] font-normal text-neutral-800">
        rgb(0, 0, 0)
      </p>
    </div>
  </div>
  <div class="rounded-lg w-128 ui-shadow-lg-soft flex flex-col">
    <div class="yellow-800 h-[100px] rounded-t-lg">
    </div>
    <div class="p-12 flex flex-col flex-1">
      <p class="ui-text-p2 font-semibold flex-1">
        yellow-800
      </p>
      <p class="ui-text-p3 font-normal text-neutral-800">
      </p>
      <p class="ui-text-p3 text-[12px] font-normal text-neutral-800">
        rgb(0, 0, 0)
      </p>
    </div>
  </div>
  <div class="rounded-lg w-128 ui-shadow-lg-soft flex flex-col">
    <div class="yellow-900 h-[100px] rounded-t-lg">
    </div>
    <div class="p-12 flex flex-col flex-1">
      <p class="ui-text-p2 font-semibold flex-1">
        yellow-900
      </p>
      <p class="ui-text-p3 font-normal text-neutral-800">
      </p>
      <p class="ui-text-p3 text-[12px] font-normal text-neutral-800">
        rgb(0, 0, 0)
      </p>
    </div>
  </div>
  <div class="rounded-lg w-128 ui-shadow-lg-soft flex flex-col">
    <div class="green-100 h-[100px] rounded-t-lg">
    </div>
    <div class="p-12 flex flex-col flex-1">
      <p class="ui-text-p2 font-semibold flex-1">
        green-100
      </p>
      <p class="ui-text-p3 font-normal text-neutral-800">
      </p>
      <p class="ui-text-p3 text-[12px] font-normal text-neutral-800">
        rgb(0, 0, 0)
      </p>
    </div>
  </div>
  <div class="rounded-lg w-128 ui-shadow-lg-soft flex flex-col">
    <div class="green-200 h-[100px] rounded-t-lg">
    </div>
    <div class="p-12 flex flex-col flex-1">
      <p class="ui-text-p2 font-semibold flex-1">
        green-200
      </p>
      <p class="ui-text-p3 font-normal text-neutral-800">
      </p>
      <p class="ui-text-p3 text-[12px] font-normal text-neutral-800">
        rgb(0, 0, 0)
      </p>
    </div>
  </div>
  <div class="rounded-lg w-128 ui-shadow-lg-soft flex flex-col">
    <div class="green-300 h-[100px] rounded-t-lg">
    </div>
    <div class="p-12 flex flex-col flex-1">
      <p class="ui-text-p2 font-semibold flex-1">
        green-300
      </p>
      <p class="ui-text-p3 font-normal text-neutral-800">
      </p>
      <p class="ui-text-p3 text-[12px] font-normal text-neutral-800">
        rgb(0, 0, 0)
      </p>
    </div>
  </div>
  <div class="rounded-lg w-128 ui-shadow-lg-soft flex flex-col">
    <div class="green-400 h-[100px] rounded-t-lg">
    </div>
    <div class="p-12 flex flex-col flex-1">
      <p class="ui-text-p2 font-semibold flex-1">
        green-400
      </p>
      <p class="ui-text-p3 font-normal text-neutral-800">
      </p>
      <p class="ui-text-p3 text-[12px] font-normal text-neutral-800">
        rgb(0, 0, 0)
      </p>
    </div>
  </div>
  <div class="rounded-lg w-128 ui-shadow-lg-soft flex flex-col">
    <div class="green-500 h-[100px] rounded-t-lg">
    </div>
    <div class="p-12 flex flex-col flex-1">
      <p class="ui-text-p2 font-semibold flex-1">
        green-500
      </p>
      <p class="ui-text-p3 font-normal text-neutral-800">
      </p>
      <p class="ui-text-p3 text-[12px] font-normal text-neutral-800">
        rgb(0, 0, 0)
      </p>
    </div>
  </div>
  <div class="rounded-lg w-128 ui-shadow-lg-soft flex flex-col">
    <div class="green-600 h-[100px] rounded-t-lg">
    </div>
    <div class="p-12 flex flex-col flex-1">
      <p class="ui-text-p2 font-semibold flex-1">
        green-600
      </p>
      <p class="ui-text-p3 font-normal text-neutral-800">
      </p>
      <p class="ui-text-p3 text-[12px] font-normal text-neutral-800">
        rgb(0, 0, 0)
      </p>
    </div>
  </div>
  <div class="rounded-lg w-128 ui-shadow-lg-soft flex flex-col">
    <div class="green-700 h-[100px] rounded-t-lg">
    </div>
    <div class="p-12 flex flex-col flex-1">
      <p class="ui-text-p2 font-semibold flex-1">
        green-700
      </p>
      <p class="ui-text-p3 font-normal text-neutral-800">
      </p>
      <p class="ui-text-p3 text-[12px] font-normal text-neutral-800">
        rgb(0, 0, 0)
      </p>
    </div>
  </div>
  <div class="rounded-lg w-128 ui-shadow-lg-soft flex flex-col">
    <div class="green-800 h-[100px] rounded-t-lg">
    </div>
    <div class="p-12 flex flex-col flex-1">
      <p class="ui-text-p2 font-semibold flex-1">
        green-800
      </p>
      <p class="ui-text-p3 font-normal text-neutral-800">
      </p>
      <p class="ui-text-p3 text-[12px] font-normal text-neutral-800">
        rgb(0, 0, 0)
      </p>
    </div>
  </div>
  <div class="rounded-lg w-128 ui-shadow-lg-soft flex flex-col">
    <div class="green-900 h-[100px] rounded-t-lg">
    </div>
    <div class="p-12 flex flex-col flex-1">
      <p class="ui-text-p2 font-semibold flex-1">
        green-900
      </p>
      <p class="ui-text-p3 font-normal text-neutral-800">
      </p>
      <p class="ui-text-p3 text-[12px] font-normal text-neutral-800">
        rgb(0, 0, 0)
      </p>
    </div>
  </div>
  <div class="rounded-lg w-128 ui-shadow-lg-soft flex flex-col">
    <div class="blue-100 h-[100px] rounded-t-lg">
    </div>
    <div class="p-12 flex flex-col flex-1">
      <p class="ui-text-p2 font-semibold flex-1">
        blue-100
      </p>
      <p class="ui-text-p3 font-normal text-neutral-800">
      </p>
      <p class="ui-text-p3 text-[12px] font-normal text-neutral-800">
        rgb(0, 0, 0)
      </p>
    </div>
  </div>
  <div class="rounded-lg w-128 ui-shadow-lg-soft flex flex-col">
    <div class="blue-200 h-[100px] rounded-t-lg">
    </div>
    <div class="p-12 flex flex-col flex-1">
      <p class="ui-text-p2 font-semibold flex-1">
        blue-200
      </p>
      <p class="ui-text-p3 font-normal text-neutral-800">
      </p>
      <p class="ui-text-p3 text-[12px] font-normal text-neutral-800">
        rgb(0, 0, 0)
      </p>
    </div>
  </div>
  <div class="rounded-lg w-128 ui-shadow-lg-soft flex flex-col">
    <div class="blue-300 h-[100px] rounded-t-lg">
    </div>
    <div class="p-12 flex flex-col flex-1">
      <p class="ui-text-p2 font-semibold flex-1">
        blue-300
      </p>
      <p class="ui-text-p3 font-normal text-neutral-800">
      </p>
      <p class="ui-text-p3 text-[12px] font-normal text-neutral-800">
        rgb(0, 0, 0)
      </p>
    </div>
  </div>
  <div class="rounded-lg w-128 ui-shadow-lg-soft flex flex-col">
    <div class="blue-400 h-[100px] rounded-t-lg">
    </div>
    <div class="p-12 flex flex-col flex-1">
      <p class="ui-text-p2 font-semibold flex-1">
        blue-400
      </p>
      <p class="ui-text-p3 font-normal text-neutral-800">
      </p>
      <p class="ui-text-p3 text-[12px] font-normal text-neutral-800">
        rgb(0, 0, 0)
      </p>
    </div>
  </div>
  <div class="rounded-lg w-128 ui-shadow-lg-soft flex flex-col">
    <div class="blue-500 h-[100px] rounded-t-lg">
    </div>
    <div class="p-12 flex flex-col flex-1">
      <p class="ui-text-p2 font-semibold flex-1">
        blue-500
      </p>
      <p class="ui-text-p3 font-normal text-neutral-800">
      </p>
      <p class="ui-text-p3 text-[12px] font-normal text-neutral-800">
        rgb(0, 0, 0)
      </p>
    </div>
  </div>
  <div class="rounded-lg w-128 ui-shadow-lg-soft flex flex-col">
    <div class="blue-600 h-[100px] rounded-t-lg">
    </div>
    <div class="p-12 flex flex-col flex-1">
      <p class="ui-text-p2 font-semibold flex-1">
        blue-600
      </p>
      <p class="ui-text-p3 font-normal text-neutral-800">
      </p>
      <p class="ui-text-p3 text-[12px] font-normal text-neutral-800">
        rgb(0, 0, 0)
      </p>
    </div>
  </div>
  <div class="rounded-lg w-128 ui-shadow-lg-soft flex flex-col">
    <div class="blue-700 h-[100px] rounded-t-lg">
    </div>
    <div class="p-12 flex flex-col flex-1">
      <p class="ui-text-p2 font-semibold flex-1">
        blue-700
      </p>
      <p class="ui-text-p3 font-normal text-neutral-800">
      </p>
      <p class="ui-text-p3 text-[12px] font-normal text-neutral-800">
        rgb(0, 0, 0)
      </p>
    </div>
  </div>
  <div class="rounded-lg w-128 ui-shadow-lg-soft flex flex-col">
    <div class="blue-800 h-[100px] rounded-t-lg">
    </div>
    <div class="p-12 flex flex-col flex-1">
      <p class="ui-text-p2 font-semibold flex-1">
        blue-800
      </p>
      <p class="ui-text-p3 font-normal text-neutral-800">
      </p>
      <p class="ui-text-p3 text-[12px] font-normal text-neutral-800">
        rgb(0, 0, 0)
      </p>
    </div>
  </div>
  <div class="rounded-lg w-128 ui-shadow-lg-soft flex flex-col">
    <div class="blue-900 h-[100px] rounded-t-lg">
    </div>
    <div class="p-12 flex flex-col flex-1">
      <p class="ui-text-p2 font-semibold flex-1">
        blue-900
      </p>
      <p class="ui-text-p3 font-normal text-neutral-800">
      </p>
      <p class="ui-text-p3 text-[12px] font-normal text-neutral-800">
        rgb(0, 0, 0)
      </p>
    </div>
  </div>
  <div class="rounded-lg w-128 ui-shadow-lg-soft flex flex-col">
    <div class="violet-100 h-[100px] rounded-t-lg">
    </div>
    <div class="p-12 flex flex-col flex-1">
      <p class="ui-text-p2 font-semibold flex-1">
        violet-100
      </p>
      <p class="ui-text-p3 font-normal text-neutral-800">
      </p>
      <p class="ui-text-p3 text-[12px] font-normal text-neutral-800">
        rgb(0, 0, 0)
      </p>
    </div>
  </div>
  <div class="rounded-lg w-128 ui-shadow-lg-soft flex flex-col">
    <div class="violet-200 h-[100px] rounded-t-lg">
    </div>
    <div class="p-12 flex flex-col flex-1">
      <p class="ui-text-p2 font-semibold flex-1">
        violet-200
      </p>
      <p class="ui-text-p3 font-normal text-neutral-800">
      </p>
      <p class="ui-text-p3 text-[12px] font-normal text-neutral-800">
        rgb(0, 0, 0)
      </p>
    </div>
  </div>
  <div class="rounded-lg w-128 ui-shadow-lg-soft flex flex-col">
    <div class="violet-300 h-[100px] rounded-t-lg">
    </div>
    <div class="p-12 flex flex-col flex-1">
      <p class="ui-text-p2 font-semibold flex-1">
        violet-300
      </p>
      <p class="ui-text-p3 font-normal text-neutral-800">
      </p>
      <p class="ui-text-p3 text-[12px] font-normal text-neutral-800">
        rgb(0, 0, 0)
      </p>
    </div>
  </div>
  <div class="rounded-lg w-128 ui-shadow-lg-soft flex flex-col">
    <div class="violet-400 h-[100px] rounded-t-lg">
    </div>
    <div class="p-12 flex flex-col flex-1">
      <p class="ui-text-p2 font-semibold flex-1">
        violet-400
      </p>
      <p class="ui-text-p3 font-normal text-neutral-800">
      </p>
      <p class="ui-text-p3 text-[12px] font-normal text-neutral-800">
        rgb(0, 0, 0)
      </p>
    </div>
  </div>
  <div class="rounded-lg w-128 ui-shadow-lg-soft flex flex-col">
    <div class="violet-500 h-[100px] rounded-t-lg">
    </div>
    <div class="p-12 flex flex-col flex-1">
      <p class="ui-text-p2 font-semibold flex-1">
        violet-500
      </p>
      <p class="ui-text-p3 font-normal text-neutral-800">
      </p>
      <p class="ui-text-p3 text-[12px] font-normal text-neutral-800">
        rgb(0, 0, 0)
      </p>
    </div>
  </div>
  <div class="rounded-lg w-128 ui-shadow-lg-soft flex flex-col">
    <div class="violet-600 h-[100px] rounded-t-lg">
    </div>
    <div class="p-12 flex flex-col flex-1">
      <p class="ui-text-p2 font-semibold flex-1">
        violet-600
      </p>
      <p class="ui-text-p3 font-normal text-neutral-800">
      </p>
      <p class="ui-text-p3 text-[12px] font-normal text-neutral-800">
        rgb(0, 0, 0)
      </p>
    </div>
  </div>
  <div class="rounded-lg w-128 ui-shadow-lg-soft flex flex-col">
    <div class="violet-700 h-[100px] rounded-t-lg">
    </div>
    <div class="p-12 flex flex-col flex-1">
      <p class="ui-text-p2 font-semibold flex-1">
        violet-700
      </p>
      <p class="ui-text-p3 font-normal text-neutral-800">
      </p>
      <p class="ui-text-p3 text-[12px] font-normal text-neutral-800">
        rgb(0, 0, 0)
      </p>
    </div>
  </div>
  <div class="rounded-lg w-128 ui-shadow-lg-soft flex flex-col">
    <div class="violet-800 h-[100px] rounded-t-lg">
    </div>
    <div class="p-12 flex flex-col flex-1">
      <p class="ui-text-p2 font-semibold flex-1">
        violet-800
      </p>
      <p class="ui-text-p3 font-normal text-neutral-800">
      </p>
      <p class="ui-text-p3 text-[12px] font-normal text-neutral-800">
        rgb(0, 0, 0)
      </p>
    </div>
  </div>
  <div class="rounded-lg w-128 ui-shadow-lg-soft flex flex-col">
    <div class="violet-900 h-[100px] rounded-t-lg">
    </div>
    <div class="p-12 flex flex-col flex-1">
      <p class="ui-text-p2 font-semibold flex-1">
        violet-900
      </p>
      <p class="ui-text-p3 font-normal text-neutral-800">
      </p>
      <p class="ui-text-p3 text-[12px] font-normal text-neutral-800">
        rgb(0, 0, 0)
      </p>
    </div>
  </div>
  <div class="rounded-lg w-128 ui-shadow-lg-soft flex flex-col">
    <div class="pink-100 h-[100px] rounded-t-lg">
    </div>
    <div class="p-12 flex flex-col flex-1">
      <p class="ui-text-p2 font-semibold flex-1">
        pink-100
      </p>
      <p class="ui-text-p3 font-normal text-neutral-800">
      </p>
      <p class="ui-text-p3 text-[12px] font-normal text-neutral-800">
        rgb(0, 0, 0)
      </p>
    </div>
  </div>
  <div class="rounded-lg w-128 ui-shadow-lg-soft flex flex-col">
    <div class="pink-200 h-[100px] rounded-t-lg">
    </div>
    <div class="p-12 flex flex-col flex-1">
      <p class="ui-text-p2 font-semibold flex-1">
        pink-200
      </p>
      <p class="ui-text-p3 font-normal text-neutral-800">
      </p>
      <p class="ui-text-p3 text-[12px] font-normal text-neutral-800">
        rgb(0, 0, 0)
      </p>
    </div>
  </div>
  <div class="rounded-lg w-128 ui-shadow-lg-soft flex flex-col">
    <div class="pink-300 h-[100px] rounded-t-lg">
    </div>
    <div class="p-12 flex flex-col flex-1">
      <p class="ui-text-p2 font-semibold flex-1">
        pink-300
      </p>
      <p class="ui-text-p3 font-normal text-neutral-800">
      </p>
      <p class="ui-text-p3 text-[12px] font-normal text-neutral-800">
        rgb(0, 0, 0)
      </p>
    </div>
  </div>
  <div class="rounded-lg w-128 ui-shadow-lg-soft flex flex-col">
    <div class="pink-400 h-[100px] rounded-t-lg">
    </div>
    <div class="p-12 flex flex-col flex-1">
      <p class="ui-text-p2 font-semibold flex-1">
        pink-400
      </p>
      <p class="ui-text-p3 font-normal text-neutral-800">
      </p>
      <p class="ui-text-p3 text-[12px] font-normal text-neutral-800">
        rgb(0, 0, 0)
      </p>
    </div>
  </div>
  <div class="rounded-lg w-128 ui-shadow-lg-soft flex flex-col">
    <div class="pink-500 h-[100px] rounded-t-lg">
    </div>
    <div class="p-12 flex flex-col flex-1">
      <p class="ui-text-p2 font-semibold flex-1">
        pink-500
      </p>
      <p class="ui-text-p3 font-normal text-neutral-800">
      </p>
      <p class="ui-text-p3 text-[12px] font-normal text-neutral-800">
        rgb(0, 0, 0)
      </p>
    </div>
  </div>
  <div class="rounded-lg w-128 ui-shadow-lg-soft flex flex-col">
    <div class="pink-600 h-[100px] rounded-t-lg">
    </div>
    <div class="p-12 flex flex-col flex-1">
      <p class="ui-text-p2 font-semibold flex-1">
        pink-600
      </p>
      <p class="ui-text-p3 font-normal text-neutral-800">
      </p>
      <p class="ui-text-p3 text-[12px] font-normal text-neutral-800">
        rgb(0, 0, 0)
      </p>
    </div>
  </div>
  <div class="rounded-lg w-128 ui-shadow-lg-soft flex flex-col">
    <div class="pink-700 h-[100px] rounded-t-lg">
    </div>
    <div class="p-12 flex flex-col flex-1">
      <p class="ui-text-p2 font-semibold flex-1">
        pink-700
      </p>
      <p class="ui-text-p3 font-normal text-neutral-800">
      </p>
      <p class="ui-text-p3 text-[12px] font-normal text-neutral-800">
        rgb(0, 0, 0)
      </p>
    </div>
  </div>
  <div class="rounded-lg w-128 ui-shadow-lg-soft flex flex-col">
    <div class="pink-800 h-[100px] rounded-t-lg">
    </div>
    <div class="p-12 flex flex-col flex-1">
      <p class="ui-text-p2 font-semibold flex-1">
        pink-800
      </p>
      <p class="ui-text-p3 font-normal text-neutral-800">
      </p>
      <p class="ui-text-p3 text-[12px] font-normal text-neutral-800">
        rgb(0, 0, 0)
      </p>
    </div>
  </div>
  <div class="rounded-lg w-128 ui-shadow-lg-soft flex flex-col">
    <div class="pink-900 h-[100px] rounded-t-lg">
    </div>
    <div class="p-12 flex flex-col flex-1">
      <p class="ui-text-p2 font-semibold flex-1">
        pink-900
      </p>
      <p class="ui-text-p3 font-normal text-neutral-800">
      </p>
      <p class="ui-text-p3 text-[12px] font-normal text-neutral-800">
        rgb(0, 0, 0)
      </p>
    </div>
  </div>
</div>
`;
