// Jest Snapshot v1, https://goo.gl/fbAQLP

exports[`JS Components/Table PricingPage smoke-test 1`] = `
<div class="ui-standard-container">
  <h2 class="ui-text-h2 text-center m-32">
    Pricing Page Table
  </h2>
  <p class="text-center m-32">
    Example content
  </p>
  <table class="ui-standard-container mb-4 sm:table-fixed ">
    <thead class="sticky bg-white z-10 top-0 ">
      <tr>
        <td class="bg-white">
        </td>
        <td class="
        border-light-grey sm:p-24 leading-none flex sm:table-cell
        py-6
        
      ">
          <span class="ui-text-h3 hidden sm:block">
            Free
          </span>
        </td>
        <td class="
        border-light-grey sm:p-24 leading-none flex sm:table-cell
        py-6
        
      ">
          <span class="ui-text-h3 hidden sm:block">
            PAYG
          </span>
        </td>
        <td class="
        border-light-grey sm:p-24 leading-none flex sm:table-cell
        py-6
        
      ">
          <span class="ui-text-h3 hidden sm:block">
            Custom
          </span>
        </td>
      </tr>
    </thead>
    <tbody>
      <tr class="-ml-24 mt-8 sm:ml-0 sm:mt-0 sm:sticky z-10 ">
        <td colspan="4"
            class="
        border-light-grey sm:p-24 leading-none flex sm:table-cell
        rounded-l-none rounded-r sm:rounded-lg py-20 px-24
        
      "
        >
          Features
        </td>
      </tr>
      <tr>
        <td class="
    ui-text-p1 font-bold pt-24 pb-8 border-light-grey sm:p-24 sm:relative sm:top-2 flex sm:table-cell border-t border-light-grey
  ">
          <a class="ui-link"
             href="#"
          >
            Label 1
          </a>
          <div class="relative inline-block align-top h-16 ">
            <button type="button"
                    aria-describedby="tooltip"
                    class="ml-8 p-0 relative top-1 focus:outline-none "
            >
              <svg class=" "
                   style="width: 1rem; height: 1rem;"
              >
                <use xlink:href="#sprite-icon-gui-info">
                </use>
              </svg>
            </button>
          </div>
        </td>
        <td class="
        border-light-grey sm:p-24 leading-none flex sm:table-cell
        py-6
        last:mb-16 sm:mb-0
      ">
          <div class="flex-1 sm:hidden !text-dark-grey ui-text-overline2">
            Free
          </div>
          Cell content
        </td>
        <td class="
        border-light-grey sm:p-24 leading-none flex sm:table-cell
        py-6
        last:mb-16 sm:mb-0
      ">
          <div class="flex-1 sm:hidden !text-dark-grey ui-text-overline2">
            PAYG
          </div>
          <div class="flex items-center sm:flex-col sm:items-start">
            <span class="sm:order-1 px-6 sm:py-6 sm:px-0">
              Supported
            </span>
            <span class="sm:order-0">
              <svg class="text-gui-success flex-grow-0 flex-shrink-0"
                   data-testid="supported-icon"
                   style="width: 1.5rem; height: 1.5rem; --ui-icon-secondary-color: var(--color-white);"
              >
                <use xlink:href="#sprite-icon-gui-check-circled-fill">
                </use>
              </svg>
            </span>
          </div>
        </td>
        <td class="
        border-light-grey sm:p-24 leading-none flex sm:table-cell
        py-6
        last:mb-16 sm:mb-0
      ">
          <div class="flex-1 sm:hidden !text-dark-grey ui-text-overline2">
            Custom
          </div>
          <div class="flex items-center  sm:flex-col sm:items-start">
            <span class="sm:order-1 px-6 sm:py-6 sm:px-0">
              Unsupported
            </span>
            <span class="sm:order-0">
              <svg class="text-gui-error flex-grow-0 flex-shrink-0"
                   data-testid="unsupported-icon"
                   style="width: 1.5rem; height: 1.5rem;"
              >
                <use xlink:href="#sprite-icon-gui-cross-circled-fill">
                </use>
              </svg>
            </span>
          </div>
        </td>
      </tr>
      <tr>
        <td class="
    ui-text-p1 font-bold pt-24 pb-8 border-light-grey sm:p-24 sm:relative sm:top-2 flex sm:table-cell border-t border-light-grey
  ">
          <a class="ui-link"
             href="#"
          >
            Label 2
          </a>
          <div class="relative inline-block align-top h-16 ">
            <button type="button"
                    aria-describedby="tooltip"
                    class="ml-8 p-0 relative top-1 focus:outline-none "
            >
              <svg class=" "
                   style="width: 1rem; height: 1rem;"
              >
                <use xlink:href="#sprite-icon-gui-info">
                </use>
              </svg>
            </button>
          </div>
        </td>
        <td class="
        border-light-grey sm:p-24 leading-none flex sm:table-cell
        py-6
        last:mb-16 sm:mb-0
      ">
          <div class="flex-1 sm:hidden !text-dark-grey ui-text-overline2">
            Free
          </div>
          Cell content
        </td>
        <td class="
        border-light-grey sm:p-24 leading-none flex sm:table-cell
        py-6
        last:mb-16 sm:mb-0
      ">
          <div class="flex-1 sm:hidden !text-dark-grey ui-text-overline2">
            PAYG
          </div>
          <div class="flex items-center sm:flex-col sm:items-start">
            <span class="sm:order-1 px-6 sm:py-6 sm:px-0">
              Supported
            </span>
            <span class="sm:order-0">
              <svg class="text-gui-success flex-grow-0 flex-shrink-0"
                   data-testid="supported-icon"
                   style="width: 1.5rem; height: 1.5rem; --ui-icon-secondary-color: var(--color-white);"
              >
                <use xlink:href="#sprite-icon-gui-check-circled-fill">
                </use>
              </svg>
            </span>
          </div>
        </td>
        <td class="
        border-light-grey sm:p-24 leading-none flex sm:table-cell
        py-6
        last:mb-16 sm:mb-0
      ">
          <div class="flex-1 sm:hidden !text-dark-grey ui-text-overline2">
            Custom
          </div>
          <div class="flex items-center  sm:flex-col sm:items-start">
            <span class="sm:order-1 px-6 sm:py-6 sm:px-0">
              Unsupported
            </span>
            <span class="sm:order-0">
              <svg class="text-gui-error flex-grow-0 flex-shrink-0"
                   data-testid="unsupported-icon"
                   style="width: 1.5rem; height: 1.5rem;"
              >
                <use xlink:href="#sprite-icon-gui-cross-circled-fill">
                </use>
              </svg>
            </span>
          </div>
        </td>
      </tr>
      <tr>
        <td class="
    ui-text-p1 font-bold pt-24 pb-8 border-light-grey sm:p-24 sm:relative sm:top-2 flex sm:table-cell border-t border-light-grey
  ">
          <a class="ui-link"
             href="#"
          >
            Label 3
          </a>
          <div class="relative inline-block align-top h-16 ">
            <button type="button"
                    aria-describedby="tooltip"
                    class="ml-8 p-0 relative top-1 focus:outline-none "
            >
              <svg class=" "
                   style="width: 1rem; height: 1rem;"
              >
                <use xlink:href="#sprite-icon-gui-info">
                </use>
              </svg>
            </button>
          </div>
        </td>
        <td class="
        border-light-grey sm:p-24 leading-none flex sm:table-cell
        py-6
        last:mb-16 sm:mb-0
      ">
          <div class="flex-1 sm:hidden !text-dark-grey ui-text-overline2">
            Free
          </div>
          Cell content
        </td>
        <td class="
        border-light-grey sm:p-24 leading-none flex sm:table-cell
        py-6
        last:mb-16 sm:mb-0
      ">
          <div class="flex-1 sm:hidden !text-dark-grey ui-text-overline2">
            PAYG
          </div>
          <div class="flex items-center sm:flex-col sm:items-start">
            <span class="sm:order-1 px-6 sm:py-6 sm:px-0">
              Supported
            </span>
            <span class="sm:order-0">
              <svg class="text-gui-success flex-grow-0 flex-shrink-0"
                   data-testid="supported-icon"
                   style="width: 1.5rem; height: 1.5rem; --ui-icon-secondary-color: var(--color-white);"
              >
                <use xlink:href="#sprite-icon-gui-check-circled-fill">
                </use>
              </svg>
            </span>
          </div>
        </td>
        <td class="
        border-light-grey sm:p-24 leading-none flex sm:table-cell
        py-6
        last:mb-16 sm:mb-0
      ">
          <div class="flex-1 sm:hidden !text-dark-grey ui-text-overline2">
            Custom
          </div>
          <div class="flex items-center  sm:flex-col sm:items-start">
            <span class="sm:order-1 px-6 sm:py-6 sm:px-0">
              Unsupported
            </span>
            <span class="sm:order-0">
              <svg class="text-gui-error flex-grow-0 flex-shrink-0"
                   data-testid="unsupported-icon"
                   style="width: 1.5rem; height: 1.5rem;"
              >
                <use xlink:href="#sprite-icon-gui-cross-circled-fill">
                </use>
              </svg>
            </span>
          </div>
        </td>
      </tr>
      <tr>
        <td class="
    ui-text-p1 font-bold pt-24 pb-8 border-light-grey sm:p-24 sm:relative sm:top-2 flex sm:table-cell border-t border-light-grey
  ">
          <a class="ui-link"
             href="#"
          >
            Label 4
          </a>
          <div class="relative inline-block align-top h-16 ">
            <button type="button"
                    aria-describedby="tooltip"
                    class="ml-8 p-0 relative top-1 focus:outline-none "
            >
              <svg class=" "
                   style="width: 1rem; height: 1rem;"
              >
                <use xlink:href="#sprite-icon-gui-info">
                </use>
              </svg>
            </button>
          </div>
        </td>
        <td class="
        border-light-grey sm:p-24 leading-none flex sm:table-cell
        py-6
        last:mb-16 sm:mb-0
      ">
          <div class="flex-1 sm:hidden !text-dark-grey ui-text-overline2">
            Free
          </div>
          Cell content
        </td>
        <td class="
        border-light-grey sm:p-24 leading-none flex sm:table-cell
        py-6
        last:mb-16 sm:mb-0
      ">
          <div class="flex-1 sm:hidden !text-dark-grey ui-text-overline2">
            PAYG
          </div>
          <div class="flex items-center sm:flex-col sm:items-start">
            <span class="sm:order-1 px-6 sm:py-6 sm:px-0">
              Supported
            </span>
            <span class="sm:order-0">
              <svg class="text-gui-success flex-grow-0 flex-shrink-0"
                   data-testid="supported-icon"
                   style="width: 1.5rem; height: 1.5rem; --ui-icon-secondary-color: var(--color-white);"
              >
                <use xlink:href="#sprite-icon-gui-check-circled-fill">
                </use>
              </svg>
            </span>
          </div>
        </td>
        <td class="
        border-light-grey sm:p-24 leading-none flex sm:table-cell
        py-6
        last:mb-16 sm:mb-0
      ">
          <div class="flex-1 sm:hidden !text-dark-grey ui-text-overline2">
            Custom
          </div>
          <div class="flex items-center  sm:flex-col sm:items-start">
            <span class="sm:order-1 px-6 sm:py-6 sm:px-0">
              Unsupported
            </span>
            <span class="sm:order-0">
              <svg class="text-gui-error flex-grow-0 flex-shrink-0"
                   data-testid="unsupported-icon"
                   style="width: 1.5rem; height: 1.5rem;"
              >
                <use xlink:href="#sprite-icon-gui-cross-circled-fill">
                </use>
              </svg>
            </span>
          </div>
        </td>
      </tr>
      <tr>
        <td class="
    ui-text-p1 font-bold pt-24 pb-8 border-light-grey sm:p-24 sm:relative sm:top-2 flex sm:table-cell border-t border-light-grey
  ">
          <a class="ui-link"
             href="#"
          >
            Label 5
          </a>
          <div class="relative inline-block align-top h-16 ">
            <button type="button"
                    aria-describedby="tooltip"
                    class="ml-8 p-0 relative top-1 focus:outline-none "
            >
              <svg class=" "
                   style="width: 1rem; height: 1rem;"
              >
                <use xlink:href="#sprite-icon-gui-info">
                </use>
              </svg>
            </button>
          </div>
        </td>
        <td class="
        border-light-grey sm:p-24 leading-none flex sm:table-cell
        py-6
        last:mb-16 sm:mb-0
      ">
          <div class="flex-1 sm:hidden !text-dark-grey ui-text-overline2">
            Free
          </div>
          Cell content
        </td>
        <td class="
        border-light-grey sm:p-24 leading-none flex sm:table-cell
        py-6
        last:mb-16 sm:mb-0
      ">
          <div class="flex-1 sm:hidden !text-dark-grey ui-text-overline2">
            PAYG
          </div>
          <div class="flex items-center sm:flex-col sm:items-start">
            <span class="sm:order-1 px-6 sm:py-6 sm:px-0">
              Supported
            </span>
            <span class="sm:order-0">
              <svg class="text-gui-success flex-grow-0 flex-shrink-0"
                   data-testid="supported-icon"
                   style="width: 1.5rem; height: 1.5rem; --ui-icon-secondary-color: var(--color-white);"
              >
                <use xlink:href="#sprite-icon-gui-check-circled-fill">
                </use>
              </svg>
            </span>
          </div>
        </td>
        <td class="
        border-light-grey sm:p-24 leading-none flex sm:table-cell
        py-6
        last:mb-16 sm:mb-0
      ">
          <div class="flex-1 sm:hidden !text-dark-grey ui-text-overline2">
            Custom
          </div>
          <div class="flex items-center  sm:flex-col sm:items-start">
            <span class="sm:order-1 px-6 sm:py-6 sm:px-0">
              Unsupported
            </span>
            <span class="sm:order-0">
              <svg class="text-gui-error flex-grow-0 flex-shrink-0"
                   data-testid="unsupported-icon"
                   style="width: 1.5rem; height: 1.5rem;"
              >
                <use xlink:href="#sprite-icon-gui-cross-circled-fill">
                </use>
              </svg>
            </span>
          </div>
        </td>
      </tr>
      <tr class="-ml-24 mt-8 sm:ml-0 sm:mt-0 sm:sticky z-10 ">
        <td colspan="4"
            class="
        border-light-grey sm:p-24 leading-none flex sm:table-cell
        rounded-l-none rounded-r sm:rounded-lg py-20 px-24
        
      "
        >
          Support
        </td>
      </tr>
      <tr>
        <td class="
    ui-text-p1 font-bold pt-24 pb-8 border-light-grey sm:p-24 sm:relative sm:top-2 flex sm:table-cell border-t border-light-grey
  ">
          <a class="ui-link"
             href="#"
          >
            Label 1
          </a>
          <div class="relative inline-block align-top h-16 ">
            <button type="button"
                    aria-describedby="tooltip"
                    class="ml-8 p-0 relative top-1 focus:outline-none "
            >
              <svg class=" "
                   style="width: 1rem; height: 1rem;"
              >
                <use xlink:href="#sprite-icon-gui-info">
                </use>
              </svg>
            </button>
          </div>
        </td>
        <td class="
        border-light-grey sm:p-24 leading-none flex sm:table-cell
        py-6
        last:mb-16 sm:mb-0
      ">
          <div class="flex-1 sm:hidden !text-dark-grey ui-text-overline2">
            Free
          </div>
          Cell content
        </td>
        <td class="
        border-light-grey sm:p-24 leading-none flex sm:table-cell
        py-6
        last:mb-16 sm:mb-0
      ">
          <div class="flex-1 sm:hidden !text-dark-grey ui-text-overline2">
            PAYG
          </div>
          <div class="flex items-center sm:flex-col sm:items-start">
            <span class="sm:order-1 px-6 sm:py-6 sm:px-0">
              Supported
            </span>
            <span class="sm:order-0">
              <svg class="text-gui-success flex-grow-0 flex-shrink-0"
                   data-testid="supported-icon"
                   style="width: 1.5rem; height: 1.5rem; --ui-icon-secondary-color: var(--color-white);"
              >
                <use xlink:href="#sprite-icon-gui-check-circled-fill">
                </use>
              </svg>
            </span>
          </div>
        </td>
        <td class="
        border-light-grey sm:p-24 leading-none flex sm:table-cell
        py-6
        last:mb-16 sm:mb-0
      ">
          <div class="flex-1 sm:hidden !text-dark-grey ui-text-overline2">
            Custom
          </div>
          <div class="flex items-center  sm:flex-col sm:items-start">
            <span class="sm:order-1 px-6 sm:py-6 sm:px-0">
              Unsupported
            </span>
            <span class="sm:order-0">
              <svg class="text-gui-error flex-grow-0 flex-shrink-0"
                   data-testid="unsupported-icon"
                   style="width: 1.5rem; height: 1.5rem;"
              >
                <use xlink:href="#sprite-icon-gui-cross-circled-fill">
                </use>
              </svg>
            </span>
          </div>
        </td>
      </tr>
      <tr>
        <td class="
    ui-text-p1 font-bold pt-24 pb-8 border-light-grey sm:p-24 sm:relative sm:top-2 flex sm:table-cell border-t border-light-grey
  ">
          <a class="ui-link"
             href="#"
          >
            Label 2
          </a>
          <div class="relative inline-block align-top h-16 ">
            <button type="button"
                    aria-describedby="tooltip"
                    class="ml-8 p-0 relative top-1 focus:outline-none "
            >
              <svg class=" "
                   style="width: 1rem; height: 1rem;"
              >
                <use xlink:href="#sprite-icon-gui-info">
                </use>
              </svg>
            </button>
          </div>
        </td>
        <td class="
        border-light-grey sm:p-24 leading-none flex sm:table-cell
        py-6
        last:mb-16 sm:mb-0
      ">
          <div class="flex-1 sm:hidden !text-dark-grey ui-text-overline2">
            Free
          </div>
          Cell content
        </td>
        <td class="
        border-light-grey sm:p-24 leading-none flex sm:table-cell
        py-6
        last:mb-16 sm:mb-0
      ">
          <div class="flex-1 sm:hidden !text-dark-grey ui-text-overline2">
            PAYG
          </div>
          <div class="flex items-center sm:flex-col sm:items-start">
            <span class="sm:order-1 px-6 sm:py-6 sm:px-0">
              Supported
            </span>
            <span class="sm:order-0">
              <svg class="text-gui-success flex-grow-0 flex-shrink-0"
                   data-testid="supported-icon"
                   style="width: 1.5rem; height: 1.5rem; --ui-icon-secondary-color: var(--color-white);"
              >
                <use xlink:href="#sprite-icon-gui-check-circled-fill">
                </use>
              </svg>
            </span>
          </div>
        </td>
        <td class="
        border-light-grey sm:p-24 leading-none flex sm:table-cell
        py-6
        last:mb-16 sm:mb-0
      ">
          <div class="flex-1 sm:hidden !text-dark-grey ui-text-overline2">
            Custom
          </div>
          <div class="flex items-center  sm:flex-col sm:items-start">
            <span class="sm:order-1 px-6 sm:py-6 sm:px-0">
              Unsupported
            </span>
            <span class="sm:order-0">
              <svg class="text-gui-error flex-grow-0 flex-shrink-0"
                   data-testid="unsupported-icon"
                   style="width: 1.5rem; height: 1.5rem;"
              >
                <use xlink:href="#sprite-icon-gui-cross-circled-fill">
                </use>
              </svg>
            </span>
          </div>
        </td>
      </tr>
      <tr>
        <td class="
    ui-text-p1 font-bold pt-24 pb-8 border-light-grey sm:p-24 sm:relative sm:top-2 flex sm:table-cell border-t border-light-grey
  ">
          <a class="ui-link"
             href="#"
          >
            Label 3
          </a>
          <div class="relative inline-block align-top h-16 ">
            <button type="button"
                    aria-describedby="tooltip"
                    class="ml-8 p-0 relative top-1 focus:outline-none "
            >
              <svg class=" "
                   style="width: 1rem; height: 1rem;"
              >
                <use xlink:href="#sprite-icon-gui-info">
                </use>
              </svg>
            </button>
          </div>
        </td>
        <td class="
        border-light-grey sm:p-24 leading-none flex sm:table-cell
        py-6
        last:mb-16 sm:mb-0
      ">
          <div class="flex-1 sm:hidden !text-dark-grey ui-text-overline2">
            Free
          </div>
          Cell content
        </td>
        <td class="
        border-light-grey sm:p-24 leading-none flex sm:table-cell
        py-6
        last:mb-16 sm:mb-0
      ">
          <div class="flex-1 sm:hidden !text-dark-grey ui-text-overline2">
            PAYG
          </div>
          <div class="flex items-center sm:flex-col sm:items-start">
            <span class="sm:order-1 px-6 sm:py-6 sm:px-0">
              Supported
            </span>
            <span class="sm:order-0">
              <svg class="text-gui-success flex-grow-0 flex-shrink-0"
                   data-testid="supported-icon"
                   style="width: 1.5rem; height: 1.5rem; --ui-icon-secondary-color: var(--color-white);"
              >
                <use xlink:href="#sprite-icon-gui-check-circled-fill">
                </use>
              </svg>
            </span>
          </div>
        </td>
        <td class="
        border-light-grey sm:p-24 leading-none flex sm:table-cell
        py-6
        last:mb-16 sm:mb-0
      ">
          <div class="flex-1 sm:hidden !text-dark-grey ui-text-overline2">
            Custom
          </div>
          <div class="flex items-center  sm:flex-col sm:items-start">
            <span class="sm:order-1 px-6 sm:py-6 sm:px-0">
              Unsupported
            </span>
            <span class="sm:order-0">
              <svg class="text-gui-error flex-grow-0 flex-shrink-0"
                   data-testid="unsupported-icon"
                   style="width: 1.5rem; height: 1.5rem;"
              >
                <use xlink:href="#sprite-icon-gui-cross-circled-fill">
                </use>
              </svg>
            </span>
          </div>
        </td>
      </tr>
      <tr>
        <td class="
    ui-text-p1 font-bold pt-24 pb-8 border-light-grey sm:p-24 sm:relative sm:top-2 flex sm:table-cell border-t border-light-grey
  ">
          <a class="ui-link"
             href="#"
          >
            Label 4
          </a>
          <div class="relative inline-block align-top h-16 ">
            <button type="button"
                    aria-describedby="tooltip"
                    class="ml-8 p-0 relative top-1 focus:outline-none "
            >
              <svg class=" "
                   style="width: 1rem; height: 1rem;"
              >
                <use xlink:href="#sprite-icon-gui-info">
                </use>
              </svg>
            </button>
          </div>
        </td>
        <td class="
        border-light-grey sm:p-24 leading-none flex sm:table-cell
        py-6
        last:mb-16 sm:mb-0
      ">
          <div class="flex-1 sm:hidden !text-dark-grey ui-text-overline2">
            Free
          </div>
          Cell content
        </td>
        <td class="
        border-light-grey sm:p-24 leading-none flex sm:table-cell
        py-6
        last:mb-16 sm:mb-0
      ">
          <div class="flex-1 sm:hidden !text-dark-grey ui-text-overline2">
            PAYG
          </div>
          <div class="flex items-center sm:flex-col sm:items-start">
            <span class="sm:order-1 px-6 sm:py-6 sm:px-0">
              Supported
            </span>
            <span class="sm:order-0">
              <svg class="text-gui-success flex-grow-0 flex-shrink-0"
                   data-testid="supported-icon"
                   style="width: 1.5rem; height: 1.5rem; --ui-icon-secondary-color: var(--color-white);"
              >
                <use xlink:href="#sprite-icon-gui-check-circled-fill">
                </use>
              </svg>
            </span>
          </div>
        </td>
        <td class="
        border-light-grey sm:p-24 leading-none flex sm:table-cell
        py-6
        last:mb-16 sm:mb-0
      ">
          <div class="flex-1 sm:hidden !text-dark-grey ui-text-overline2">
            Custom
          </div>
          <div class="flex items-center  sm:flex-col sm:items-start">
            <span class="sm:order-1 px-6 sm:py-6 sm:px-0">
              Unsupported
            </span>
            <span class="sm:order-0">
              <svg class="text-gui-error flex-grow-0 flex-shrink-0"
                   data-testid="unsupported-icon"
                   style="width: 1.5rem; height: 1.5rem;"
              >
                <use xlink:href="#sprite-icon-gui-cross-circled-fill">
                </use>
              </svg>
            </span>
          </div>
        </td>
      </tr>
      <tr>
        <td class="
    ui-text-p1 font-bold pt-24 pb-8 border-light-grey sm:p-24 sm:relative sm:top-2 flex sm:table-cell border-t border-light-grey
  ">
          <a class="ui-link"
             href="#"
          >
            Label 5
          </a>
          <div class="relative inline-block align-top h-16 ">
            <button type="button"
                    aria-describedby="tooltip"
                    class="ml-8 p-0 relative top-1 focus:outline-none "
            >
              <svg class=" "
                   style="width: 1rem; height: 1rem;"
              >
                <use xlink:href="#sprite-icon-gui-info">
                </use>
              </svg>
            </button>
          </div>
        </td>
        <td class="
        border-light-grey sm:p-24 leading-none flex sm:table-cell
        py-6
        last:mb-16 sm:mb-0
      ">
          <div class="flex-1 sm:hidden !text-dark-grey ui-text-overline2">
            Free
          </div>
          Cell content
        </td>
        <td class="
        border-light-grey sm:p-24 leading-none flex sm:table-cell
        py-6
        last:mb-16 sm:mb-0
      ">
          <div class="flex-1 sm:hidden !text-dark-grey ui-text-overline2">
            PAYG
          </div>
          <div class="flex items-center sm:flex-col sm:items-start">
            <span class="sm:order-1 px-6 sm:py-6 sm:px-0">
              Supported
            </span>
            <span class="sm:order-0">
              <svg class="text-gui-success flex-grow-0 flex-shrink-0"
                   data-testid="supported-icon"
                   style="width: 1.5rem; height: 1.5rem; --ui-icon-secondary-color: var(--color-white);"
              >
                <use xlink:href="#sprite-icon-gui-check-circled-fill">
                </use>
              </svg>
            </span>
          </div>
        </td>
        <td class="
        border-light-grey sm:p-24 leading-none flex sm:table-cell
        py-6
        last:mb-16 sm:mb-0
      ">
          <div class="flex-1 sm:hidden !text-dark-grey ui-text-overline2">
            Custom
          </div>
          <div class="flex items-center  sm:flex-col sm:items-start">
            <span class="sm:order-1 px-6 sm:py-6 sm:px-0">
              Unsupported
            </span>
            <span class="sm:order-0">
              <svg class="text-gui-error flex-grow-0 flex-shrink-0"
                   data-testid="unsupported-icon"
                   style="width: 1.5rem; height: 1.5rem;"
              >
                <use xlink:href="#sprite-icon-gui-cross-circled-fill">
                </use>
              </svg>
            </span>
          </div>
        </td>
      </tr>
      <tr class="-ml-24 mt-8 sm:ml-0 sm:mt-0 sm:sticky z-10 ">
        <td colspan="4"
            class="
        border-light-grey sm:p-24 leading-none flex sm:table-cell
        rounded-l-none rounded-r sm:rounded-lg py-20 px-24
        
      "
        >
          Technical Support
        </td>
      </tr>
      <tr>
        <td class="
    ui-text-p1 font-bold pt-24 pb-8 border-light-grey sm:p-24 sm:relative sm:top-2 flex sm:table-cell border-t border-light-grey
  ">
          <a class="ui-link"
             href="#"
          >
            Label 1
          </a>
          <div class="relative inline-block align-top h-16 ">
            <button type="button"
                    aria-describedby="tooltip"
                    class="ml-8 p-0 relative top-1 focus:outline-none "
            >
              <svg class=" "
                   style="width: 1rem; height: 1rem;"
              >
                <use xlink:href="#sprite-icon-gui-info">
                </use>
              </svg>
            </button>
          </div>
        </td>
        <td class="
        border-light-grey sm:p-24 leading-none flex sm:table-cell
        py-6
        last:mb-16 sm:mb-0
      ">
          <div class="flex-1 sm:hidden !text-dark-grey ui-text-overline2">
            Free
          </div>
          Cell content
        </td>
        <td class="
        border-light-grey sm:p-24 leading-none flex sm:table-cell
        py-6
        last:mb-16 sm:mb-0
      ">
          <div class="flex-1 sm:hidden !text-dark-grey ui-text-overline2">
            PAYG
          </div>
          <div class="flex items-center sm:flex-col sm:items-start">
            <span class="sm:order-1 px-6 sm:py-6 sm:px-0">
              Supported
            </span>
            <span class="sm:order-0">
              <svg class="text-gui-success flex-grow-0 flex-shrink-0"
                   data-testid="supported-icon"
                   style="width: 1.5rem; height: 1.5rem; --ui-icon-secondary-color: var(--color-white);"
              >
                <use xlink:href="#sprite-icon-gui-check-circled-fill">
                </use>
              </svg>
            </span>
          </div>
        </td>
        <td class="
        border-light-grey sm:p-24 leading-none flex sm:table-cell
        py-6
        last:mb-16 sm:mb-0
      ">
          <div class="flex-1 sm:hidden !text-dark-grey ui-text-overline2">
            Custom
          </div>
          <div class="flex items-center  sm:flex-col sm:items-start">
            <span class="sm:order-1 px-6 sm:py-6 sm:px-0">
              Unsupported
            </span>
            <span class="sm:order-0">
              <svg class="text-gui-error flex-grow-0 flex-shrink-0"
                   data-testid="unsupported-icon"
                   style="width: 1.5rem; height: 1.5rem;"
              >
                <use xlink:href="#sprite-icon-gui-cross-circled-fill">
                </use>
              </svg>
            </span>
          </div>
        </td>
      </tr>
      <tr>
        <td class="
    ui-text-p1 font-bold pt-24 pb-8 border-light-grey sm:p-24 sm:relative sm:top-2 flex sm:table-cell border-t border-light-grey
  ">
          <a class="ui-link"
             href="#"
          >
            Label 2
          </a>
          <div class="relative inline-block align-top h-16 ">
            <button type="button"
                    aria-describedby="tooltip"
                    class="ml-8 p-0 relative top-1 focus:outline-none "
            >
              <svg class=" "
                   style="width: 1rem; height: 1rem;"
              >
                <use xlink:href="#sprite-icon-gui-info">
                </use>
              </svg>
            </button>
          </div>
        </td>
        <td class="
        border-light-grey sm:p-24 leading-none flex sm:table-cell
        py-6
        last:mb-16 sm:mb-0
      ">
          <div class="flex-1 sm:hidden !text-dark-grey ui-text-overline2">
            Free
          </div>
          Cell content
        </td>
        <td class="
        border-light-grey sm:p-24 leading-none flex sm:table-cell
        py-6
        last:mb-16 sm:mb-0
      ">
          <div class="flex-1 sm:hidden !text-dark-grey ui-text-overline2">
            PAYG
          </div>
          <div class="flex items-center sm:flex-col sm:items-start">
            <span class="sm:order-1 px-6 sm:py-6 sm:px-0">
              Supported
            </span>
            <span class="sm:order-0">
              <svg class="text-gui-success flex-grow-0 flex-shrink-0"
                   data-testid="supported-icon"
                   style="width: 1.5rem; height: 1.5rem; --ui-icon-secondary-color: var(--color-white);"
              >
                <use xlink:href="#sprite-icon-gui-check-circled-fill">
                </use>
              </svg>
            </span>
          </div>
        </td>
        <td class="
        border-light-grey sm:p-24 leading-none flex sm:table-cell
        py-6
        last:mb-16 sm:mb-0
      ">
          <div class="flex-1 sm:hidden !text-dark-grey ui-text-overline2">
            Custom
          </div>
          <div class="flex items-center  sm:flex-col sm:items-start">
            <span class="sm:order-1 px-6 sm:py-6 sm:px-0">
              Unsupported
            </span>
            <span class="sm:order-0">
              <svg class="text-gui-error flex-grow-0 flex-shrink-0"
                   data-testid="unsupported-icon"
                   style="width: 1.5rem; height: 1.5rem;"
              >
                <use xlink:href="#sprite-icon-gui-cross-circled-fill">
                </use>
              </svg>
            </span>
          </div>
        </td>
      </tr>
      <tr>
        <td class="
    ui-text-p1 font-bold pt-24 pb-8 border-light-grey sm:p-24 sm:relative sm:top-2 flex sm:table-cell border-t border-light-grey
  ">
          <a class="ui-link"
             href="#"
          >
            Label 3
          </a>
          <div class="relative inline-block align-top h-16 ">
            <button type="button"
                    aria-describedby="tooltip"
                    class="ml-8 p-0 relative top-1 focus:outline-none "
            >
              <svg class=" "
                   style="width: 1rem; height: 1rem;"
              >
                <use xlink:href="#sprite-icon-gui-info">
                </use>
              </svg>
            </button>
          </div>
        </td>
        <td class="
        border-light-grey sm:p-24 leading-none flex sm:table-cell
        py-6
        last:mb-16 sm:mb-0
      ">
          <div class="flex-1 sm:hidden !text-dark-grey ui-text-overline2">
            Free
          </div>
          Cell content
        </td>
        <td class="
        border-light-grey sm:p-24 leading-none flex sm:table-cell
        py-6
        last:mb-16 sm:mb-0
      ">
          <div class="flex-1 sm:hidden !text-dark-grey ui-text-overline2">
            PAYG
          </div>
          <div class="flex items-center sm:flex-col sm:items-start">
            <span class="sm:order-1 px-6 sm:py-6 sm:px-0">
              Supported
            </span>
            <span class="sm:order-0">
              <svg class="text-gui-success flex-grow-0 flex-shrink-0"
                   data-testid="supported-icon"
                   style="width: 1.5rem; height: 1.5rem; --ui-icon-secondary-color: var(--color-white);"
              >
                <use xlink:href="#sprite-icon-gui-check-circled-fill">
                </use>
              </svg>
            </span>
          </div>
        </td>
        <td class="
        border-light-grey sm:p-24 leading-none flex sm:table-cell
        py-6
        last:mb-16 sm:mb-0
      ">
          <div class="flex-1 sm:hidden !text-dark-grey ui-text-overline2">
            Custom
          </div>
          <div class="flex items-center  sm:flex-col sm:items-start">
            <span class="sm:order-1 px-6 sm:py-6 sm:px-0">
              Unsupported
            </span>
            <span class="sm:order-0">
              <svg class="text-gui-error flex-grow-0 flex-shrink-0"
                   data-testid="unsupported-icon"
                   style="width: 1.5rem; height: 1.5rem;"
              >
                <use xlink:href="#sprite-icon-gui-cross-circled-fill">
                </use>
              </svg>
            </span>
          </div>
        </td>
      </tr>
      <tr>
        <td class="
    ui-text-p1 font-bold pt-24 pb-8 border-light-grey sm:p-24 sm:relative sm:top-2 flex sm:table-cell border-t border-light-grey
  ">
          <a class="ui-link"
             href="#"
          >
            Label 4
          </a>
          <div class="relative inline-block align-top h-16 ">
            <button type="button"
                    aria-describedby="tooltip"
                    class="ml-8 p-0 relative top-1 focus:outline-none "
            >
              <svg class=" "
                   style="width: 1rem; height: 1rem;"
              >
                <use xlink:href="#sprite-icon-gui-info">
                </use>
              </svg>
            </button>
          </div>
        </td>
        <td class="
        border-light-grey sm:p-24 leading-none flex sm:table-cell
        py-6
        last:mb-16 sm:mb-0
      ">
          <div class="flex-1 sm:hidden !text-dark-grey ui-text-overline2">
            Free
          </div>
          Cell content
        </td>
        <td class="
        border-light-grey sm:p-24 leading-none flex sm:table-cell
        py-6
        last:mb-16 sm:mb-0
      ">
          <div class="flex-1 sm:hidden !text-dark-grey ui-text-overline2">
            PAYG
          </div>
          <div class="flex items-center sm:flex-col sm:items-start">
            <span class="sm:order-1 px-6 sm:py-6 sm:px-0">
              Supported
            </span>
            <span class="sm:order-0">
              <svg class="text-gui-success flex-grow-0 flex-shrink-0"
                   data-testid="supported-icon"
                   style="width: 1.5rem; height: 1.5rem; --ui-icon-secondary-color: var(--color-white);"
              >
                <use xlink:href="#sprite-icon-gui-check-circled-fill">
                </use>
              </svg>
            </span>
          </div>
        </td>
        <td class="
        border-light-grey sm:p-24 leading-none flex sm:table-cell
        py-6
        last:mb-16 sm:mb-0
      ">
          <div class="flex-1 sm:hidden !text-dark-grey ui-text-overline2">
            Custom
          </div>
          <div class="flex items-center  sm:flex-col sm:items-start">
            <span class="sm:order-1 px-6 sm:py-6 sm:px-0">
              Unsupported
            </span>
            <span class="sm:order-0">
              <svg class="text-gui-error flex-grow-0 flex-shrink-0"
                   data-testid="unsupported-icon"
                   style="width: 1.5rem; height: 1.5rem;"
              >
                <use xlink:href="#sprite-icon-gui-cross-circled-fill">
                </use>
              </svg>
            </span>
          </div>
        </td>
      </tr>
      <tr>
        <td class="
    ui-text-p1 font-bold pt-24 pb-8 border-light-grey sm:p-24 sm:relative sm:top-2 flex sm:table-cell border-t border-light-grey
  ">
          <a class="ui-link"
             href="#"
          >
            Label 5
          </a>
          <div class="relative inline-block align-top h-16 ">
            <button type="button"
                    aria-describedby="tooltip"
                    class="ml-8 p-0 relative top-1 focus:outline-none "
            >
              <svg class=" "
                   style="width: 1rem; height: 1rem;"
              >
                <use xlink:href="#sprite-icon-gui-info">
                </use>
              </svg>
            </button>
          </div>
        </td>
        <td class="
        border-light-grey sm:p-24 leading-none flex sm:table-cell
        py-6
        last:mb-16 sm:mb-0
      ">
          <div class="flex-1 sm:hidden !text-dark-grey ui-text-overline2">
            Free
          </div>
          Cell content
        </td>
        <td class="
        border-light-grey sm:p-24 leading-none flex sm:table-cell
        py-6
        last:mb-16 sm:mb-0
      ">
          <div class="flex-1 sm:hidden !text-dark-grey ui-text-overline2">
            PAYG
          </div>
          <div class="flex items-center sm:flex-col sm:items-start">
            <span class="sm:order-1 px-6 sm:py-6 sm:px-0">
              Supported
            </span>
            <span class="sm:order-0">
              <svg class="text-gui-success flex-grow-0 flex-shrink-0"
                   data-testid="supported-icon"
                   style="width: 1.5rem; height: 1.5rem; --ui-icon-secondary-color: var(--color-white);"
              >
                <use xlink:href="#sprite-icon-gui-check-circled-fill">
                </use>
              </svg>
            </span>
          </div>
        </td>
        <td class="
        border-light-grey sm:p-24 leading-none flex sm:table-cell
        py-6
        last:mb-16 sm:mb-0
      ">
          <div class="flex-1 sm:hidden !text-dark-grey ui-text-overline2">
            Custom
          </div>
          <div class="flex items-center  sm:flex-col sm:items-start">
            <span class="sm:order-1 px-6 sm:py-6 sm:px-0">
              Unsupported
            </span>
            <span class="sm:order-0">
              <svg class="text-gui-error flex-grow-0 flex-shrink-0"
                   data-testid="unsupported-icon"
                   style="width: 1.5rem; height: 1.5rem;"
              >
                <use xlink:href="#sprite-icon-gui-cross-circled-fill">
                </use>
              </svg>
            </span>
          </div>
        </td>
      </tr>
      <tr>
        <td class="
        border-light-grey sm:p-24 leading-none flex sm:table-cell
        py-6
        
      ">
        </td>
        <td class="pt-24 hidden sm:table-cell ">
          <a href="#"
             class="ui-btn-secondary"
          >
            Get started
          </a>
        </td>
        <td class="pt-24 hidden sm:table-cell ">
          <a href="#"
             class="ui-btn-secondary"
          >
            Get started
          </a>
        </td>
        <td class="pt-24 hidden sm:table-cell ">
          <a href="#"
             class="ui-btn"
          >
            Contact sales
          </a>
        </td>
      </tr>
    </tbody>
  </table>
</div>
`;
