// Jest Snapshot v1, https://goo.gl/fbAQLP

exports[`Components/Table PricingPage smoke-test 1`] = `
<div class="ui-standard-container">
  <h2 class="ui-text-h2 text-center m-8">
    Pricing Page Table
  </h2>
  <p class="text-center m-8">
    Example content
  </p>
  <table class="ui-standard-container mb-1 sm:table-fixed ">
    <thead class="sticky bg-white z-10 top-0 ">
      <tr>
        <td class="bg-white">
        </td>
        <td class="
        border-light-grey sm:p-6 leading-none flex sm:table-cell
        py-1.5
        
      ">
          <span class="ui-text-h3 hidden sm:block">
            Free
          </span>
        </td>
        <td class="
        border-light-grey sm:p-6 leading-none flex sm:table-cell
        py-1.5
        
      ">
          <span class="ui-text-h3 hidden sm:block">
            PAYG
          </span>
        </td>
        <td class="
        border-light-grey sm:p-6 leading-none flex sm:table-cell
        py-1.5
        
      ">
          <span class="ui-text-h3 hidden sm:block">
            Custom
          </span>
        </td>
      </tr>
    </thead>
    <tbody>
      <tr class="-ml-6 mt-2 sm:ml-0 sm:mt-0 sm:sticky z-10 ">
        <td colspan="4"
            class="
        border-light-grey sm:p-6 leading-none flex sm:table-cell
        rounded-l-none rounded-r sm:rounded-lg py-5 px-6
        
      "
        >
          Features
        </td>
      </tr>
      <tr>
        <td class="
    ui-text-p1 font-bold pt-6 pb-2 border-light-grey sm:p-6 sm:relative sm:top-0.5 flex sm:table-cell border-t border-light-grey
  ">
          <a class="ui-link"
             href="#"
          >
            Label 1
          </a>
          <div class="inline-flex ml-2">
            <button type="button"
                    aria-describedby="tooltip"
                    class="p-0 relative focus:outline-none h-[1rem] "
            >
              <svg class="inline-block text-neutral-800 dark:text-neutral-500"
                   style="width: 1rem; height: 1rem;"
              >
                <use xlink:href="#sprite-icon-gui-information-circle-micro">
                </use>
              </svg>
            </button>
          </div>
        </td>
        <td class="
        border-light-grey sm:p-6 leading-none flex sm:table-cell
        py-1.5
        last:mb-4 sm:mb-0
      ">
          <div class="flex-1 sm:hidden !text-dark-grey ui-text-overline2">
            Free
          </div>
          Cell content
        </td>
        <td class="
        border-light-grey sm:p-6 leading-none flex sm:table-cell
        py-1.5
        last:mb-4 sm:mb-0
      ">
          <div class="flex-1 sm:hidden !text-dark-grey ui-text-overline2">
            PAYG
          </div>
          <div class="flex items-center sm:flex-col sm:items-start">
            <span class="sm:order-1 px-1.5 sm:py-1.5 sm:px-0">
              Supported
            </span>
            <span class="sm:order-0">
              <svg class="inline-block text-gui-success flex-grow-0 flex-shrink-0"
                   data-testid="supported-icon"
                   style="width: 1.5rem; height: 1.5rem;"
              >
                <use xlink:href="#sprite-icon-gui-check-circle-solid">
                </use>
              </svg>
            </span>
          </div>
        </td>
        <td class="
        border-light-grey sm:p-6 leading-none flex sm:table-cell
        py-1.5
        last:mb-4 sm:mb-0
      ">
          <div class="flex-1 sm:hidden !text-dark-grey ui-text-overline2">
            Custom
          </div>
          <div class="flex items-center  sm:flex-col sm:items-start">
            <span class="sm:order-1 px-1.5 sm:py-1.5 sm:px-0">
              Unsupported
            </span>
            <span class="sm:order-0">
              <svg class="inline-block text-gui-error flex-grow-0 flex-shrink-0"
                   data-testid="unsupported-icon"
                   style="width: 1.5rem; height: 1.5rem;"
              >
                <use xlink:href="#sprite-icon-gui-x-circle-solid">
                </use>
              </svg>
            </span>
          </div>
        </td>
      </tr>
      <tr>
        <td class="
    ui-text-p1 font-bold pt-6 pb-2 border-light-grey sm:p-6 sm:relative sm:top-0.5 flex sm:table-cell border-t border-light-grey
  ">
          <a class="ui-link"
             href="#"
          >
            Label 2
          </a>
          <div class="inline-flex ml-2">
            <button type="button"
                    aria-describedby="tooltip"
                    class="p-0 relative focus:outline-none h-[1rem] "
            >
              <svg class="inline-block text-neutral-800 dark:text-neutral-500"
                   style="width: 1rem; height: 1rem;"
              >
                <use xlink:href="#sprite-icon-gui-information-circle-micro">
                </use>
              </svg>
            </button>
          </div>
        </td>
        <td class="
        border-light-grey sm:p-6 leading-none flex sm:table-cell
        py-1.5
        last:mb-4 sm:mb-0
      ">
          <div class="flex-1 sm:hidden !text-dark-grey ui-text-overline2">
            Free
          </div>
          Cell content
        </td>
        <td class="
        border-light-grey sm:p-6 leading-none flex sm:table-cell
        py-1.5
        last:mb-4 sm:mb-0
      ">
          <div class="flex-1 sm:hidden !text-dark-grey ui-text-overline2">
            PAYG
          </div>
          <div class="flex items-center sm:flex-col sm:items-start">
            <span class="sm:order-1 px-1.5 sm:py-1.5 sm:px-0">
              Supported
            </span>
            <span class="sm:order-0">
              <svg class="inline-block text-gui-success flex-grow-0 flex-shrink-0"
                   data-testid="supported-icon"
                   style="width: 1.5rem; height: 1.5rem;"
              >
                <use xlink:href="#sprite-icon-gui-check-circle-solid">
                </use>
              </svg>
            </span>
          </div>
        </td>
        <td class="
        border-light-grey sm:p-6 leading-none flex sm:table-cell
        py-1.5
        last:mb-4 sm:mb-0
      ">
          <div class="flex-1 sm:hidden !text-dark-grey ui-text-overline2">
            Custom
          </div>
          <div class="flex items-center  sm:flex-col sm:items-start">
            <span class="sm:order-1 px-1.5 sm:py-1.5 sm:px-0">
              Unsupported
            </span>
            <span class="sm:order-0">
              <svg class="inline-block text-gui-error flex-grow-0 flex-shrink-0"
                   data-testid="unsupported-icon"
                   style="width: 1.5rem; height: 1.5rem;"
              >
                <use xlink:href="#sprite-icon-gui-x-circle-solid">
                </use>
              </svg>
            </span>
          </div>
        </td>
      </tr>
      <tr>
        <td class="
    ui-text-p1 font-bold pt-6 pb-2 border-light-grey sm:p-6 sm:relative sm:top-0.5 flex sm:table-cell border-t border-light-grey
  ">
          <a class="ui-link"
             href="#"
          >
            Label 3
          </a>
          <div class="inline-flex ml-2">
            <button type="button"
                    aria-describedby="tooltip"
                    class="p-0 relative focus:outline-none h-[1rem] "
            >
              <svg class="inline-block text-neutral-800 dark:text-neutral-500"
                   style="width: 1rem; height: 1rem;"
              >
                <use xlink:href="#sprite-icon-gui-information-circle-micro">
                </use>
              </svg>
            </button>
          </div>
        </td>
        <td class="
        border-light-grey sm:p-6 leading-none flex sm:table-cell
        py-1.5
        last:mb-4 sm:mb-0
      ">
          <div class="flex-1 sm:hidden !text-dark-grey ui-text-overline2">
            Free
          </div>
          Cell content
        </td>
        <td class="
        border-light-grey sm:p-6 leading-none flex sm:table-cell
        py-1.5
        last:mb-4 sm:mb-0
      ">
          <div class="flex-1 sm:hidden !text-dark-grey ui-text-overline2">
            PAYG
          </div>
          <div class="flex items-center sm:flex-col sm:items-start">
            <span class="sm:order-1 px-1.5 sm:py-1.5 sm:px-0">
              Supported
            </span>
            <span class="sm:order-0">
              <svg class="inline-block text-gui-success flex-grow-0 flex-shrink-0"
                   data-testid="supported-icon"
                   style="width: 1.5rem; height: 1.5rem;"
              >
                <use xlink:href="#sprite-icon-gui-check-circle-solid">
                </use>
              </svg>
            </span>
          </div>
        </td>
        <td class="
        border-light-grey sm:p-6 leading-none flex sm:table-cell
        py-1.5
        last:mb-4 sm:mb-0
      ">
          <div class="flex-1 sm:hidden !text-dark-grey ui-text-overline2">
            Custom
          </div>
          <div class="flex items-center  sm:flex-col sm:items-start">
            <span class="sm:order-1 px-1.5 sm:py-1.5 sm:px-0">
              Unsupported
            </span>
            <span class="sm:order-0">
              <svg class="inline-block text-gui-error flex-grow-0 flex-shrink-0"
                   data-testid="unsupported-icon"
                   style="width: 1.5rem; height: 1.5rem;"
              >
                <use xlink:href="#sprite-icon-gui-x-circle-solid">
                </use>
              </svg>
            </span>
          </div>
        </td>
      </tr>
      <tr>
        <td class="
    ui-text-p1 font-bold pt-6 pb-2 border-light-grey sm:p-6 sm:relative sm:top-0.5 flex sm:table-cell border-t border-light-grey
  ">
          <a class="ui-link"
             href="#"
          >
            Label 4
          </a>
          <div class="inline-flex ml-2">
            <button type="button"
                    aria-describedby="tooltip"
                    class="p-0 relative focus:outline-none h-[1rem] "
            >
              <svg class="inline-block text-neutral-800 dark:text-neutral-500"
                   style="width: 1rem; height: 1rem;"
              >
                <use xlink:href="#sprite-icon-gui-information-circle-micro">
                </use>
              </svg>
            </button>
          </div>
        </td>
        <td class="
        border-light-grey sm:p-6 leading-none flex sm:table-cell
        py-1.5
        last:mb-4 sm:mb-0
      ">
          <div class="flex-1 sm:hidden !text-dark-grey ui-text-overline2">
            Free
          </div>
          Cell content
        </td>
        <td class="
        border-light-grey sm:p-6 leading-none flex sm:table-cell
        py-1.5
        last:mb-4 sm:mb-0
      ">
          <div class="flex-1 sm:hidden !text-dark-grey ui-text-overline2">
            PAYG
          </div>
          <div class="flex items-center sm:flex-col sm:items-start">
            <span class="sm:order-1 px-1.5 sm:py-1.5 sm:px-0">
              Supported
            </span>
            <span class="sm:order-0">
              <svg class="inline-block text-gui-success flex-grow-0 flex-shrink-0"
                   data-testid="supported-icon"
                   style="width: 1.5rem; height: 1.5rem;"
              >
                <use xlink:href="#sprite-icon-gui-check-circle-solid">
                </use>
              </svg>
            </span>
          </div>
        </td>
        <td class="
        border-light-grey sm:p-6 leading-none flex sm:table-cell
        py-1.5
        last:mb-4 sm:mb-0
      ">
          <div class="flex-1 sm:hidden !text-dark-grey ui-text-overline2">
            Custom
          </div>
          <div class="flex items-center  sm:flex-col sm:items-start">
            <span class="sm:order-1 px-1.5 sm:py-1.5 sm:px-0">
              Unsupported
            </span>
            <span class="sm:order-0">
              <svg class="inline-block text-gui-error flex-grow-0 flex-shrink-0"
                   data-testid="unsupported-icon"
                   style="width: 1.5rem; height: 1.5rem;"
              >
                <use xlink:href="#sprite-icon-gui-x-circle-solid">
                </use>
              </svg>
            </span>
          </div>
        </td>
      </tr>
      <tr>
        <td class="
    ui-text-p1 font-bold pt-6 pb-2 border-light-grey sm:p-6 sm:relative sm:top-0.5 flex sm:table-cell border-t border-light-grey
  ">
          <a class="ui-link"
             href="#"
          >
            Label 5
          </a>
          <div class="inline-flex ml-2">
            <button type="button"
                    aria-describedby="tooltip"
                    class="p-0 relative focus:outline-none h-[1rem] "
            >
              <svg class="inline-block text-neutral-800 dark:text-neutral-500"
                   style="width: 1rem; height: 1rem;"
              >
                <use xlink:href="#sprite-icon-gui-information-circle-micro">
                </use>
              </svg>
            </button>
          </div>
        </td>
        <td class="
        border-light-grey sm:p-6 leading-none flex sm:table-cell
        py-1.5
        last:mb-4 sm:mb-0
      ">
          <div class="flex-1 sm:hidden !text-dark-grey ui-text-overline2">
            Free
          </div>
          Cell content
        </td>
        <td class="
        border-light-grey sm:p-6 leading-none flex sm:table-cell
        py-1.5
        last:mb-4 sm:mb-0
      ">
          <div class="flex-1 sm:hidden !text-dark-grey ui-text-overline2">
            PAYG
          </div>
          <div class="flex items-center sm:flex-col sm:items-start">
            <span class="sm:order-1 px-1.5 sm:py-1.5 sm:px-0">
              Supported
            </span>
            <span class="sm:order-0">
              <svg class="inline-block text-gui-success flex-grow-0 flex-shrink-0"
                   data-testid="supported-icon"
                   style="width: 1.5rem; height: 1.5rem;"
              >
                <use xlink:href="#sprite-icon-gui-check-circle-solid">
                </use>
              </svg>
            </span>
          </div>
        </td>
        <td class="
        border-light-grey sm:p-6 leading-none flex sm:table-cell
        py-1.5
        last:mb-4 sm:mb-0
      ">
          <div class="flex-1 sm:hidden !text-dark-grey ui-text-overline2">
            Custom
          </div>
          <div class="flex items-center  sm:flex-col sm:items-start">
            <span class="sm:order-1 px-1.5 sm:py-1.5 sm:px-0">
              Unsupported
            </span>
            <span class="sm:order-0">
              <svg class="inline-block text-gui-error flex-grow-0 flex-shrink-0"
                   data-testid="unsupported-icon"
                   style="width: 1.5rem; height: 1.5rem;"
              >
                <use xlink:href="#sprite-icon-gui-x-circle-solid">
                </use>
              </svg>
            </span>
          </div>
        </td>
      </tr>
      <tr class="-ml-6 mt-2 sm:ml-0 sm:mt-0 sm:sticky z-10 ">
        <td colspan="4"
            class="
        border-light-grey sm:p-6 leading-none flex sm:table-cell
        rounded-l-none rounded-r sm:rounded-lg py-5 px-6
        
      "
        >
          Support
        </td>
      </tr>
      <tr>
        <td class="
    ui-text-p1 font-bold pt-6 pb-2 border-light-grey sm:p-6 sm:relative sm:top-0.5 flex sm:table-cell border-t border-light-grey
  ">
          <a class="ui-link"
             href="#"
          >
            Label 1
          </a>
          <div class="inline-flex ml-2">
            <button type="button"
                    aria-describedby="tooltip"
                    class="p-0 relative focus:outline-none h-[1rem] "
            >
              <svg class="inline-block text-neutral-800 dark:text-neutral-500"
                   style="width: 1rem; height: 1rem;"
              >
                <use xlink:href="#sprite-icon-gui-information-circle-micro">
                </use>
              </svg>
            </button>
          </div>
        </td>
        <td class="
        border-light-grey sm:p-6 leading-none flex sm:table-cell
        py-1.5
        last:mb-4 sm:mb-0
      ">
          <div class="flex-1 sm:hidden !text-dark-grey ui-text-overline2">
            Free
          </div>
          Cell content
        </td>
        <td class="
        border-light-grey sm:p-6 leading-none flex sm:table-cell
        py-1.5
        last:mb-4 sm:mb-0
      ">
          <div class="flex-1 sm:hidden !text-dark-grey ui-text-overline2">
            PAYG
          </div>
          <div class="flex items-center sm:flex-col sm:items-start">
            <span class="sm:order-1 px-1.5 sm:py-1.5 sm:px-0">
              Supported
            </span>
            <span class="sm:order-0">
              <svg class="inline-block text-gui-success flex-grow-0 flex-shrink-0"
                   data-testid="supported-icon"
                   style="width: 1.5rem; height: 1.5rem;"
              >
                <use xlink:href="#sprite-icon-gui-check-circle-solid">
                </use>
              </svg>
            </span>
          </div>
        </td>
        <td class="
        border-light-grey sm:p-6 leading-none flex sm:table-cell
        py-1.5
        last:mb-4 sm:mb-0
      ">
          <div class="flex-1 sm:hidden !text-dark-grey ui-text-overline2">
            Custom
          </div>
          <div class="flex items-center  sm:flex-col sm:items-start">
            <span class="sm:order-1 px-1.5 sm:py-1.5 sm:px-0">
              Unsupported
            </span>
            <span class="sm:order-0">
              <svg class="inline-block text-gui-error flex-grow-0 flex-shrink-0"
                   data-testid="unsupported-icon"
                   style="width: 1.5rem; height: 1.5rem;"
              >
                <use xlink:href="#sprite-icon-gui-x-circle-solid">
                </use>
              </svg>
            </span>
          </div>
        </td>
      </tr>
      <tr>
        <td class="
    ui-text-p1 font-bold pt-6 pb-2 border-light-grey sm:p-6 sm:relative sm:top-0.5 flex sm:table-cell border-t border-light-grey
  ">
          <a class="ui-link"
             href="#"
          >
            Label 2
          </a>
          <div class="inline-flex ml-2">
            <button type="button"
                    aria-describedby="tooltip"
                    class="p-0 relative focus:outline-none h-[1rem] "
            >
              <svg class="inline-block text-neutral-800 dark:text-neutral-500"
                   style="width: 1rem; height: 1rem;"
              >
                <use xlink:href="#sprite-icon-gui-information-circle-micro">
                </use>
              </svg>
            </button>
          </div>
        </td>
        <td class="
        border-light-grey sm:p-6 leading-none flex sm:table-cell
        py-1.5
        last:mb-4 sm:mb-0
      ">
          <div class="flex-1 sm:hidden !text-dark-grey ui-text-overline2">
            Free
          </div>
          Cell content
        </td>
        <td class="
        border-light-grey sm:p-6 leading-none flex sm:table-cell
        py-1.5
        last:mb-4 sm:mb-0
      ">
          <div class="flex-1 sm:hidden !text-dark-grey ui-text-overline2">
            PAYG
          </div>
          <div class="flex items-center sm:flex-col sm:items-start">
            <span class="sm:order-1 px-1.5 sm:py-1.5 sm:px-0">
              Supported
            </span>
            <span class="sm:order-0">
              <svg class="inline-block text-gui-success flex-grow-0 flex-shrink-0"
                   data-testid="supported-icon"
                   style="width: 1.5rem; height: 1.5rem;"
              >
                <use xlink:href="#sprite-icon-gui-check-circle-solid">
                </use>
              </svg>
            </span>
          </div>
        </td>
        <td class="
        border-light-grey sm:p-6 leading-none flex sm:table-cell
        py-1.5
        last:mb-4 sm:mb-0
      ">
          <div class="flex-1 sm:hidden !text-dark-grey ui-text-overline2">
            Custom
          </div>
          <div class="flex items-center  sm:flex-col sm:items-start">
            <span class="sm:order-1 px-1.5 sm:py-1.5 sm:px-0">
              Unsupported
            </span>
            <span class="sm:order-0">
              <svg class="inline-block text-gui-error flex-grow-0 flex-shrink-0"
                   data-testid="unsupported-icon"
                   style="width: 1.5rem; height: 1.5rem;"
              >
                <use xlink:href="#sprite-icon-gui-x-circle-solid">
                </use>
              </svg>
            </span>
          </div>
        </td>
      </tr>
      <tr>
        <td class="
    ui-text-p1 font-bold pt-6 pb-2 border-light-grey sm:p-6 sm:relative sm:top-0.5 flex sm:table-cell border-t border-light-grey
  ">
          <a class="ui-link"
             href="#"
          >
            Label 3
          </a>
          <div class="inline-flex ml-2">
            <button type="button"
                    aria-describedby="tooltip"
                    class="p-0 relative focus:outline-none h-[1rem] "
            >
              <svg class="inline-block text-neutral-800 dark:text-neutral-500"
                   style="width: 1rem; height: 1rem;"
              >
                <use xlink:href="#sprite-icon-gui-information-circle-micro">
                </use>
              </svg>
            </button>
          </div>
        </td>
        <td class="
        border-light-grey sm:p-6 leading-none flex sm:table-cell
        py-1.5
        last:mb-4 sm:mb-0
      ">
          <div class="flex-1 sm:hidden !text-dark-grey ui-text-overline2">
            Free
          </div>
          Cell content
        </td>
        <td class="
        border-light-grey sm:p-6 leading-none flex sm:table-cell
        py-1.5
        last:mb-4 sm:mb-0
      ">
          <div class="flex-1 sm:hidden !text-dark-grey ui-text-overline2">
            PAYG
          </div>
          <div class="flex items-center sm:flex-col sm:items-start">
            <span class="sm:order-1 px-1.5 sm:py-1.5 sm:px-0">
              Supported
            </span>
            <span class="sm:order-0">
              <svg class="inline-block text-gui-success flex-grow-0 flex-shrink-0"
                   data-testid="supported-icon"
                   style="width: 1.5rem; height: 1.5rem;"
              >
                <use xlink:href="#sprite-icon-gui-check-circle-solid">
                </use>
              </svg>
            </span>
          </div>
        </td>
        <td class="
        border-light-grey sm:p-6 leading-none flex sm:table-cell
        py-1.5
        last:mb-4 sm:mb-0
      ">
          <div class="flex-1 sm:hidden !text-dark-grey ui-text-overline2">
            Custom
          </div>
          <div class="flex items-center  sm:flex-col sm:items-start">
            <span class="sm:order-1 px-1.5 sm:py-1.5 sm:px-0">
              Unsupported
            </span>
            <span class="sm:order-0">
              <svg class="inline-block text-gui-error flex-grow-0 flex-shrink-0"
                   data-testid="unsupported-icon"
                   style="width: 1.5rem; height: 1.5rem;"
              >
                <use xlink:href="#sprite-icon-gui-x-circle-solid">
                </use>
              </svg>
            </span>
          </div>
        </td>
      </tr>
      <tr>
        <td class="
    ui-text-p1 font-bold pt-6 pb-2 border-light-grey sm:p-6 sm:relative sm:top-0.5 flex sm:table-cell border-t border-light-grey
  ">
          <a class="ui-link"
             href="#"
          >
            Label 4
          </a>
          <div class="inline-flex ml-2">
            <button type="button"
                    aria-describedby="tooltip"
                    class="p-0 relative focus:outline-none h-[1rem] "
            >
              <svg class="inline-block text-neutral-800 dark:text-neutral-500"
                   style="width: 1rem; height: 1rem;"
              >
                <use xlink:href="#sprite-icon-gui-information-circle-micro">
                </use>
              </svg>
            </button>
          </div>
        </td>
        <td class="
        border-light-grey sm:p-6 leading-none flex sm:table-cell
        py-1.5
        last:mb-4 sm:mb-0
      ">
          <div class="flex-1 sm:hidden !text-dark-grey ui-text-overline2">
            Free
          </div>
          Cell content
        </td>
        <td class="
        border-light-grey sm:p-6 leading-none flex sm:table-cell
        py-1.5
        last:mb-4 sm:mb-0
      ">
          <div class="flex-1 sm:hidden !text-dark-grey ui-text-overline2">
            PAYG
          </div>
          <div class="flex items-center sm:flex-col sm:items-start">
            <span class="sm:order-1 px-1.5 sm:py-1.5 sm:px-0">
              Supported
            </span>
            <span class="sm:order-0">
              <svg class="inline-block text-gui-success flex-grow-0 flex-shrink-0"
                   data-testid="supported-icon"
                   style="width: 1.5rem; height: 1.5rem;"
              >
                <use xlink:href="#sprite-icon-gui-check-circle-solid">
                </use>
              </svg>
            </span>
          </div>
        </td>
        <td class="
        border-light-grey sm:p-6 leading-none flex sm:table-cell
        py-1.5
        last:mb-4 sm:mb-0
      ">
          <div class="flex-1 sm:hidden !text-dark-grey ui-text-overline2">
            Custom
          </div>
          <div class="flex items-center  sm:flex-col sm:items-start">
            <span class="sm:order-1 px-1.5 sm:py-1.5 sm:px-0">
              Unsupported
            </span>
            <span class="sm:order-0">
              <svg class="inline-block text-gui-error flex-grow-0 flex-shrink-0"
                   data-testid="unsupported-icon"
                   style="width: 1.5rem; height: 1.5rem;"
              >
                <use xlink:href="#sprite-icon-gui-x-circle-solid">
                </use>
              </svg>
            </span>
          </div>
        </td>
      </tr>
      <tr>
        <td class="
    ui-text-p1 font-bold pt-6 pb-2 border-light-grey sm:p-6 sm:relative sm:top-0.5 flex sm:table-cell border-t border-light-grey
  ">
          <a class="ui-link"
             href="#"
          >
            Label 5
          </a>
          <div class="inline-flex ml-2">
            <button type="button"
                    aria-describedby="tooltip"
                    class="p-0 relative focus:outline-none h-[1rem] "
            >
              <svg class="inline-block text-neutral-800 dark:text-neutral-500"
                   style="width: 1rem; height: 1rem;"
              >
                <use xlink:href="#sprite-icon-gui-information-circle-micro">
                </use>
              </svg>
            </button>
          </div>
        </td>
        <td class="
        border-light-grey sm:p-6 leading-none flex sm:table-cell
        py-1.5
        last:mb-4 sm:mb-0
      ">
          <div class="flex-1 sm:hidden !text-dark-grey ui-text-overline2">
            Free
          </div>
          Cell content
        </td>
        <td class="
        border-light-grey sm:p-6 leading-none flex sm:table-cell
        py-1.5
        last:mb-4 sm:mb-0
      ">
          <div class="flex-1 sm:hidden !text-dark-grey ui-text-overline2">
            PAYG
          </div>
          <div class="flex items-center sm:flex-col sm:items-start">
            <span class="sm:order-1 px-1.5 sm:py-1.5 sm:px-0">
              Supported
            </span>
            <span class="sm:order-0">
              <svg class="inline-block text-gui-success flex-grow-0 flex-shrink-0"
                   data-testid="supported-icon"
                   style="width: 1.5rem; height: 1.5rem;"
              >
                <use xlink:href="#sprite-icon-gui-check-circle-solid">
                </use>
              </svg>
            </span>
          </div>
        </td>
        <td class="
        border-light-grey sm:p-6 leading-none flex sm:table-cell
        py-1.5
        last:mb-4 sm:mb-0
      ">
          <div class="flex-1 sm:hidden !text-dark-grey ui-text-overline2">
            Custom
          </div>
          <div class="flex items-center  sm:flex-col sm:items-start">
            <span class="sm:order-1 px-1.5 sm:py-1.5 sm:px-0">
              Unsupported
            </span>
            <span class="sm:order-0">
              <svg class="inline-block text-gui-error flex-grow-0 flex-shrink-0"
                   data-testid="unsupported-icon"
                   style="width: 1.5rem; height: 1.5rem;"
              >
                <use xlink:href="#sprite-icon-gui-x-circle-solid">
                </use>
              </svg>
            </span>
          </div>
        </td>
      </tr>
      <tr class="-ml-6 mt-2 sm:ml-0 sm:mt-0 sm:sticky z-10 ">
        <td colspan="4"
            class="
        border-light-grey sm:p-6 leading-none flex sm:table-cell
        rounded-l-none rounded-r sm:rounded-lg py-5 px-6
        
      "
        >
          Technical Support
        </td>
      </tr>
      <tr>
        <td class="
    ui-text-p1 font-bold pt-6 pb-2 border-light-grey sm:p-6 sm:relative sm:top-0.5 flex sm:table-cell border-t border-light-grey
  ">
          <a class="ui-link"
             href="#"
          >
            Label 1
          </a>
          <div class="inline-flex ml-2">
            <button type="button"
                    aria-describedby="tooltip"
                    class="p-0 relative focus:outline-none h-[1rem] "
            >
              <svg class="inline-block text-neutral-800 dark:text-neutral-500"
                   style="width: 1rem; height: 1rem;"
              >
                <use xlink:href="#sprite-icon-gui-information-circle-micro">
                </use>
              </svg>
            </button>
          </div>
        </td>
        <td class="
        border-light-grey sm:p-6 leading-none flex sm:table-cell
        py-1.5
        last:mb-4 sm:mb-0
      ">
          <div class="flex-1 sm:hidden !text-dark-grey ui-text-overline2">
            Free
          </div>
          Cell content
        </td>
        <td class="
        border-light-grey sm:p-6 leading-none flex sm:table-cell
        py-1.5
        last:mb-4 sm:mb-0
      ">
          <div class="flex-1 sm:hidden !text-dark-grey ui-text-overline2">
            PAYG
          </div>
          <div class="flex items-center sm:flex-col sm:items-start">
            <span class="sm:order-1 px-1.5 sm:py-1.5 sm:px-0">
              Supported
            </span>
            <span class="sm:order-0">
              <svg class="inline-block text-gui-success flex-grow-0 flex-shrink-0"
                   data-testid="supported-icon"
                   style="width: 1.5rem; height: 1.5rem;"
              >
                <use xlink:href="#sprite-icon-gui-check-circle-solid">
                </use>
              </svg>
            </span>
          </div>
        </td>
        <td class="
        border-light-grey sm:p-6 leading-none flex sm:table-cell
        py-1.5
        last:mb-4 sm:mb-0
      ">
          <div class="flex-1 sm:hidden !text-dark-grey ui-text-overline2">
            Custom
          </div>
          <div class="flex items-center  sm:flex-col sm:items-start">
            <span class="sm:order-1 px-1.5 sm:py-1.5 sm:px-0">
              Unsupported
            </span>
            <span class="sm:order-0">
              <svg class="inline-block text-gui-error flex-grow-0 flex-shrink-0"
                   data-testid="unsupported-icon"
                   style="width: 1.5rem; height: 1.5rem;"
              >
                <use xlink:href="#sprite-icon-gui-x-circle-solid">
                </use>
              </svg>
            </span>
          </div>
        </td>
      </tr>
      <tr>
        <td class="
    ui-text-p1 font-bold pt-6 pb-2 border-light-grey sm:p-6 sm:relative sm:top-0.5 flex sm:table-cell border-t border-light-grey
  ">
          <a class="ui-link"
             href="#"
          >
            Label 2
          </a>
          <div class="inline-flex ml-2">
            <button type="button"
                    aria-describedby="tooltip"
                    class="p-0 relative focus:outline-none h-[1rem] "
            >
              <svg class="inline-block text-neutral-800 dark:text-neutral-500"
                   style="width: 1rem; height: 1rem;"
              >
                <use xlink:href="#sprite-icon-gui-information-circle-micro">
                </use>
              </svg>
            </button>
          </div>
        </td>
        <td class="
        border-light-grey sm:p-6 leading-none flex sm:table-cell
        py-1.5
        last:mb-4 sm:mb-0
      ">
          <div class="flex-1 sm:hidden !text-dark-grey ui-text-overline2">
            Free
          </div>
          Cell content
        </td>
        <td class="
        border-light-grey sm:p-6 leading-none flex sm:table-cell
        py-1.5
        last:mb-4 sm:mb-0
      ">
          <div class="flex-1 sm:hidden !text-dark-grey ui-text-overline2">
            PAYG
          </div>
          <div class="flex items-center sm:flex-col sm:items-start">
            <span class="sm:order-1 px-1.5 sm:py-1.5 sm:px-0">
              Supported
            </span>
            <span class="sm:order-0">
              <svg class="inline-block text-gui-success flex-grow-0 flex-shrink-0"
                   data-testid="supported-icon"
                   style="width: 1.5rem; height: 1.5rem;"
              >
                <use xlink:href="#sprite-icon-gui-check-circle-solid">
                </use>
              </svg>
            </span>
          </div>
        </td>
        <td class="
        border-light-grey sm:p-6 leading-none flex sm:table-cell
        py-1.5
        last:mb-4 sm:mb-0
      ">
          <div class="flex-1 sm:hidden !text-dark-grey ui-text-overline2">
            Custom
          </div>
          <div class="flex items-center  sm:flex-col sm:items-start">
            <span class="sm:order-1 px-1.5 sm:py-1.5 sm:px-0">
              Unsupported
            </span>
            <span class="sm:order-0">
              <svg class="inline-block text-gui-error flex-grow-0 flex-shrink-0"
                   data-testid="unsupported-icon"
                   style="width: 1.5rem; height: 1.5rem;"
              >
                <use xlink:href="#sprite-icon-gui-x-circle-solid">
                </use>
              </svg>
            </span>
          </div>
        </td>
      </tr>
      <tr>
        <td class="
    ui-text-p1 font-bold pt-6 pb-2 border-light-grey sm:p-6 sm:relative sm:top-0.5 flex sm:table-cell border-t border-light-grey
  ">
          <a class="ui-link"
             href="#"
          >
            Label 3
          </a>
          <div class="inline-flex ml-2">
            <button type="button"
                    aria-describedby="tooltip"
                    class="p-0 relative focus:outline-none h-[1rem] "
            >
              <svg class="inline-block text-neutral-800 dark:text-neutral-500"
                   style="width: 1rem; height: 1rem;"
              >
                <use xlink:href="#sprite-icon-gui-information-circle-micro">
                </use>
              </svg>
            </button>
          </div>
        </td>
        <td class="
        border-light-grey sm:p-6 leading-none flex sm:table-cell
        py-1.5
        last:mb-4 sm:mb-0
      ">
          <div class="flex-1 sm:hidden !text-dark-grey ui-text-overline2">
            Free
          </div>
          Cell content
        </td>
        <td class="
        border-light-grey sm:p-6 leading-none flex sm:table-cell
        py-1.5
        last:mb-4 sm:mb-0
      ">
          <div class="flex-1 sm:hidden !text-dark-grey ui-text-overline2">
            PAYG
          </div>
          <div class="flex items-center sm:flex-col sm:items-start">
            <span class="sm:order-1 px-1.5 sm:py-1.5 sm:px-0">
              Supported
            </span>
            <span class="sm:order-0">
              <svg class="inline-block text-gui-success flex-grow-0 flex-shrink-0"
                   data-testid="supported-icon"
                   style="width: 1.5rem; height: 1.5rem;"
              >
                <use xlink:href="#sprite-icon-gui-check-circle-solid">
                </use>
              </svg>
            </span>
          </div>
        </td>
        <td class="
        border-light-grey sm:p-6 leading-none flex sm:table-cell
        py-1.5
        last:mb-4 sm:mb-0
      ">
          <div class="flex-1 sm:hidden !text-dark-grey ui-text-overline2">
            Custom
          </div>
          <div class="flex items-center  sm:flex-col sm:items-start">
            <span class="sm:order-1 px-1.5 sm:py-1.5 sm:px-0">
              Unsupported
            </span>
            <span class="sm:order-0">
              <svg class="inline-block text-gui-error flex-grow-0 flex-shrink-0"
                   data-testid="unsupported-icon"
                   style="width: 1.5rem; height: 1.5rem;"
              >
                <use xlink:href="#sprite-icon-gui-x-circle-solid">
                </use>
              </svg>
            </span>
          </div>
        </td>
      </tr>
      <tr>
        <td class="
    ui-text-p1 font-bold pt-6 pb-2 border-light-grey sm:p-6 sm:relative sm:top-0.5 flex sm:table-cell border-t border-light-grey
  ">
          <a class="ui-link"
             href="#"
          >
            Label 4
          </a>
          <div class="inline-flex ml-2">
            <button type="button"
                    aria-describedby="tooltip"
                    class="p-0 relative focus:outline-none h-[1rem] "
            >
              <svg class="inline-block text-neutral-800 dark:text-neutral-500"
                   style="width: 1rem; height: 1rem;"
              >
                <use xlink:href="#sprite-icon-gui-information-circle-micro">
                </use>
              </svg>
            </button>
          </div>
        </td>
        <td class="
        border-light-grey sm:p-6 leading-none flex sm:table-cell
        py-1.5
        last:mb-4 sm:mb-0
      ">
          <div class="flex-1 sm:hidden !text-dark-grey ui-text-overline2">
            Free
          </div>
          Cell content
        </td>
        <td class="
        border-light-grey sm:p-6 leading-none flex sm:table-cell
        py-1.5
        last:mb-4 sm:mb-0
      ">
          <div class="flex-1 sm:hidden !text-dark-grey ui-text-overline2">
            PAYG
          </div>
          <div class="flex items-center sm:flex-col sm:items-start">
            <span class="sm:order-1 px-1.5 sm:py-1.5 sm:px-0">
              Supported
            </span>
            <span class="sm:order-0">
              <svg class="inline-block text-gui-success flex-grow-0 flex-shrink-0"
                   data-testid="supported-icon"
                   style="width: 1.5rem; height: 1.5rem;"
              >
                <use xlink:href="#sprite-icon-gui-check-circle-solid">
                </use>
              </svg>
            </span>
          </div>
        </td>
        <td class="
        border-light-grey sm:p-6 leading-none flex sm:table-cell
        py-1.5
        last:mb-4 sm:mb-0
      ">
          <div class="flex-1 sm:hidden !text-dark-grey ui-text-overline2">
            Custom
          </div>
          <div class="flex items-center  sm:flex-col sm:items-start">
            <span class="sm:order-1 px-1.5 sm:py-1.5 sm:px-0">
              Unsupported
            </span>
            <span class="sm:order-0">
              <svg class="inline-block text-gui-error flex-grow-0 flex-shrink-0"
                   data-testid="unsupported-icon"
                   style="width: 1.5rem; height: 1.5rem;"
              >
                <use xlink:href="#sprite-icon-gui-x-circle-solid">
                </use>
              </svg>
            </span>
          </div>
        </td>
      </tr>
      <tr>
        <td class="
    ui-text-p1 font-bold pt-6 pb-2 border-light-grey sm:p-6 sm:relative sm:top-0.5 flex sm:table-cell border-t border-light-grey
  ">
          <a class="ui-link"
             href="#"
          >
            Label 5
          </a>
          <div class="inline-flex ml-2">
            <button type="button"
                    aria-describedby="tooltip"
                    class="p-0 relative focus:outline-none h-[1rem] "
            >
              <svg class="inline-block text-neutral-800 dark:text-neutral-500"
                   style="width: 1rem; height: 1rem;"
              >
                <use xlink:href="#sprite-icon-gui-information-circle-micro">
                </use>
              </svg>
            </button>
          </div>
        </td>
        <td class="
        border-light-grey sm:p-6 leading-none flex sm:table-cell
        py-1.5
        last:mb-4 sm:mb-0
      ">
          <div class="flex-1 sm:hidden !text-dark-grey ui-text-overline2">
            Free
          </div>
          Cell content
        </td>
        <td class="
        border-light-grey sm:p-6 leading-none flex sm:table-cell
        py-1.5
        last:mb-4 sm:mb-0
      ">
          <div class="flex-1 sm:hidden !text-dark-grey ui-text-overline2">
            PAYG
          </div>
          <div class="flex items-center sm:flex-col sm:items-start">
            <span class="sm:order-1 px-1.5 sm:py-1.5 sm:px-0">
              Supported
            </span>
            <span class="sm:order-0">
              <svg class="inline-block text-gui-success flex-grow-0 flex-shrink-0"
                   data-testid="supported-icon"
                   style="width: 1.5rem; height: 1.5rem;"
              >
                <use xlink:href="#sprite-icon-gui-check-circle-solid">
                </use>
              </svg>
            </span>
          </div>
        </td>
        <td class="
        border-light-grey sm:p-6 leading-none flex sm:table-cell
        py-1.5
        last:mb-4 sm:mb-0
      ">
          <div class="flex-1 sm:hidden !text-dark-grey ui-text-overline2">
            Custom
          </div>
          <div class="flex items-center  sm:flex-col sm:items-start">
            <span class="sm:order-1 px-1.5 sm:py-1.5 sm:px-0">
              Unsupported
            </span>
            <span class="sm:order-0">
              <svg class="inline-block text-gui-error flex-grow-0 flex-shrink-0"
                   data-testid="unsupported-icon"
                   style="width: 1.5rem; height: 1.5rem;"
              >
                <use xlink:href="#sprite-icon-gui-x-circle-solid">
                </use>
              </svg>
            </span>
          </div>
        </td>
      </tr>
      <tr>
        <td class="
        border-light-grey sm:p-6 leading-none flex sm:table-cell
        py-1.5
        
      ">
        </td>
        <td class="pt-6 hidden sm:table-cell ">
          <a href="#"
             class="ui-btn-secondary"
          >
            Get started
          </a>
        </td>
        <td class="pt-6 hidden sm:table-cell ">
          <a href="#"
             class="ui-btn-secondary"
          >
            Get started
          </a>
        </td>
        <td class="pt-6 hidden sm:table-cell ">
          <a href="#"
             class="ui-btn"
          >
            Contact sales
          </a>
        </td>
      </tr>
    </tbody>
  </table>
</div>
`;
