// Jest Snapshot v1, https://goo.gl/fbAQLP

exports[`Components/Flyout Default smoke-test 1`] = `
<nav aria-label="Main"
     data-orientation="horizontal"
     dir="ltr"
     class="justify-center relative z-40 flex w-full"
>
  <div style="position: relative;">
    <ul data-orientation="horizontal"
        class="flex list-none center"
        dir="ltr"
    >
      <a href
         class="ui-text-menu3 font-bold text-neutral-1000 dark:neutral-300 hover:text-neutral-1300 dark:hover:text-neutral-000 px-12 py-8 flex items-center justify-between"
         data-radix-collection-item
      >
        Home
      </a>
      <li>
        <button id="radix-:r0:-trigger-radix-:r1:"
                data-state="closed"
                aria-expanded="false"
                aria-controls="radix-:r0:-content-radix-:r1:"
                class="group outline-none focus:outline-none select-none cursor-pointer relative rounded-md hover:bg-neutral-100 dark:hover:bg-neutral-1200 ui-text-menu3 font-bold text-neutral-1000 dark:neutral-300 hover:text-neutral-1300 dark:hover:text-neutral-000 px-12 py-8 flex items-center justify-between"
                data-radix-collection-item
        >
          Products
        </button>
      </li>
      <li>
        <button id="radix-:r0:-trigger-radix-:r2:"
                data-state="closed"
                aria-expanded="false"
                aria-controls="radix-:r0:-content-radix-:r2:"
                class="group outline-none focus:outline-none select-none cursor-pointer relative rounded-md hover:bg-neutral-100 dark:hover:bg-neutral-1200 ui-text-menu3 font-bold text-neutral-1000 dark:neutral-300 hover:text-neutral-1300 dark:hover:text-neutral-000 px-12 py-8 flex items-center justify-between"
                data-radix-collection-item
        >
          Solutions
        </button>
      </li>
      <li>
        <button id="radix-:r0:-trigger-radix-:r3:"
                data-state="closed"
                aria-expanded="false"
                aria-controls="radix-:r0:-content-radix-:r3:"
                class="group outline-none focus:outline-none select-none cursor-pointer relative rounded-md hover:bg-neutral-100 dark:hover:bg-neutral-1200 ui-text-menu3 font-bold text-neutral-1000 dark:neutral-300 hover:text-neutral-1300 dark:hover:text-neutral-000 px-12 py-8 flex items-center justify-between"
                data-radix-collection-item
        >
          Company
        </button>
      </li>
      <a href="/pricing"
         class="ui-text-menu3 font-bold text-neutral-1000 dark:neutral-300 hover:text-neutral-1300 dark:hover:text-neutral-000 px-12 py-8 flex items-center justify-between"
         data-radix-collection-item
      >
        Pricing
      </a>
      <a href="/docs"
         class="ui-text-menu3 font-bold text-neutral-1000 dark:neutral-300 hover:text-neutral-1300 dark:hover:text-neutral-000 px-12 py-8 flex items-center justify-between"
         data-radix-collection-item
      >
        Docs
      </a>
    </ul>
  </div>
  <div class="absolute top-full flex w-full justify-center">
  </div>
</nav>
`;
