// Jest Snapshot v1, https://goo.gl/fbAQLP

exports[`Styles/Shadows Medium smoke-test 1`] = `
<div class="flex gap-32">
  <div class="bg-white rounded-lg w-64 h-64 ui-shadow-xs-medium flex items-center justify-center ui-text-p1">
    xs
  </div>
  <div class="bg-white rounded-lg w-64 h-64 ui-shadow-sm-medium flex items-center justify-center ui-text-p1">
    sm
  </div>
  <div class="bg-white rounded-lg w-64 h-64 ui-shadow-md-medium flex items-center justify-center ui-text-p1">
    md
  </div>
  <div class="bg-white rounded-lg w-64 h-64 ui-shadow-lg-medium flex items-center justify-center ui-text-p1">
    lg
  </div>
  <div class="bg-white rounded-lg w-64 h-64 ui-shadow-xl-medium flex items-center justify-center ui-text-p1">
    xl
  </div>
</div>
`;

exports[`Styles/Shadows Soft smoke-test 1`] = `
<div class="flex gap-32">
  <div class="bg-white rounded-lg w-64 h-64 ui-shadow-xs-soft flex items-center justify-center ui-text-p1">
    xs
  </div>
  <div class="bg-white rounded-lg w-64 h-64 ui-shadow-sm-soft flex items-center justify-center ui-text-p1">
    sm
  </div>
  <div class="bg-white rounded-lg w-64 h-64 ui-shadow-md-soft flex items-center justify-center ui-text-p1">
    md
  </div>
  <div class="bg-white rounded-lg w-64 h-64 ui-shadow-lg-soft flex items-center justify-center ui-text-p1">
    lg
  </div>
  <div class="bg-white rounded-lg w-64 h-64 ui-shadow-xl-soft flex items-center justify-center ui-text-p1">
    xl
  </div>
</div>
`;

exports[`Styles/Shadows Strong smoke-test 1`] = `
<div class="flex gap-32">
  <div class="bg-neutral-1100 text-white rounded-lg w-64 h-64 ui-shadow-xs-strong flex items-center justify-center ui-text-p1">
    xs
  </div>
  <div class="bg-neutral-1100 text-white rounded-lg w-64 h-64 ui-shadow-sm-strong flex items-center justify-center ui-text-p1">
    sm
  </div>
  <div class="bg-neutral-1100 text-white rounded-lg w-64 h-64 ui-shadow-md-strong flex items-center justify-center ui-text-p1">
    md
  </div>
  <div class="bg-neutral-1100 text-white rounded-lg w-64 h-64 ui-shadow-lg-strong flex items-center justify-center ui-text-p1">
    lg
  </div>
  <div class="bg-neutral-1100 text-white rounded-lg w-64 h-64 ui-shadow-xl-strong flex items-center justify-center ui-text-p1">
    xl
  </div>
</div>
`;
